Archive member included to satisfy reference by file (symbol)

/Applications/ArmGNUToolchain/13.2.Rel1/arm-none-eabi/bin/../lib/gcc/arm-none-eabi/13.2.1/../../../../arm-none-eabi/lib/thumb/v7e-m+fp/hard/libc_nano.a(libc_a-exit.o)
                              /Applications/ArmGNUToolchain/13.2.Rel1/arm-none-eabi/bin/../lib/gcc/arm-none-eabi/13.2.1/../../../../arm-none-eabi/lib/thumb/v7e-m+fp/hard/crt0.o (exit)
/Applications/ArmGNUToolchain/13.2.Rel1/arm-none-eabi/bin/../lib/gcc/arm-none-eabi/13.2.1/../../../../arm-none-eabi/lib/thumb/v7e-m+fp/hard/libc_nano.a(libc_a-findfp.o)
                              /Applications/ArmGNUToolchain/13.2.Rel1/arm-none-eabi/bin/../lib/gcc/arm-none-eabi/13.2.1/../../../../arm-none-eabi/lib/thumb/v7e-m+fp/hard/libc_nano.a(libc_a-exit.o) (__stdio_exit_handler)
/Applications/ArmGNUToolchain/13.2.Rel1/arm-none-eabi/bin/../lib/gcc/arm-none-eabi/13.2.1/../../../../arm-none-eabi/lib/thumb/v7e-m+fp/hard/libc_nano.a(libc_a-fwalk.o)
                              /Applications/ArmGNUToolchain/13.2.Rel1/arm-none-eabi/bin/../lib/gcc/arm-none-eabi/13.2.1/../../../../arm-none-eabi/lib/thumb/v7e-m+fp/hard/libc_nano.a(libc_a-findfp.o) (_fwalk_sglue)
/Applications/ArmGNUToolchain/13.2.Rel1/arm-none-eabi/bin/../lib/gcc/arm-none-eabi/13.2.1/../../../../arm-none-eabi/lib/thumb/v7e-m+fp/hard/libc_nano.a(libc_a-memset.o)
                              /Applications/ArmGNUToolchain/13.2.Rel1/arm-none-eabi/bin/../lib/gcc/arm-none-eabi/13.2.1/../../../../arm-none-eabi/lib/thumb/v7e-m+fp/hard/crt0.o (memset)
/Applications/ArmGNUToolchain/13.2.Rel1/arm-none-eabi/bin/../lib/gcc/arm-none-eabi/13.2.1/../../../../arm-none-eabi/lib/thumb/v7e-m+fp/hard/libc_nano.a(libc_a-impure.o)
                              /Applications/ArmGNUToolchain/13.2.Rel1/arm-none-eabi/bin/../lib/gcc/arm-none-eabi/13.2.1/../../../../arm-none-eabi/lib/thumb/v7e-m+fp/hard/libc_nano.a(libc_a-findfp.o) (_impure_data)
/Applications/ArmGNUToolchain/13.2.Rel1/arm-none-eabi/bin/../lib/gcc/arm-none-eabi/13.2.1/../../../../arm-none-eabi/lib/thumb/v7e-m+fp/hard/libc_nano.a(libc_a-errno.o)
                              build/syscalls.o (__errno)
/Applications/ArmGNUToolchain/13.2.Rel1/arm-none-eabi/bin/../lib/gcc/arm-none-eabi/13.2.1/../../../../arm-none-eabi/lib/thumb/v7e-m+fp/hard/libc_nano.a(libc_a-init.o)
                              /Applications/ArmGNUToolchain/13.2.Rel1/arm-none-eabi/bin/../lib/gcc/arm-none-eabi/13.2.1/../../../../arm-none-eabi/lib/thumb/v7e-m+fp/hard/crt0.o (__libc_init_array)
/Applications/ArmGNUToolchain/13.2.Rel1/arm-none-eabi/bin/../lib/gcc/arm-none-eabi/13.2.1/../../../../arm-none-eabi/lib/thumb/v7e-m+fp/hard/libc_nano.a(libc_a-lock.o)
                              /Applications/ArmGNUToolchain/13.2.Rel1/arm-none-eabi/bin/../lib/gcc/arm-none-eabi/13.2.1/../../../../arm-none-eabi/lib/thumb/v7e-m+fp/hard/libc_nano.a(libc_a-findfp.o) (__retarget_lock_init_recursive)
/Applications/ArmGNUToolchain/13.2.Rel1/arm-none-eabi/bin/../lib/gcc/arm-none-eabi/13.2.1/../../../../arm-none-eabi/lib/thumb/v7e-m+fp/hard/libc_nano.a(libc_a-aeabi_memclr.o)
                              build/hello.o (__aeabi_memclr)
/Applications/ArmGNUToolchain/13.2.Rel1/arm-none-eabi/bin/../lib/gcc/arm-none-eabi/13.2.1/../../../../arm-none-eabi/lib/thumb/v7e-m+fp/hard/libc_nano.a(libc_a-memcpy-stub.o)
                              build/SEGGER_RTT.o (memcpy)
/Applications/ArmGNUToolchain/13.2.Rel1/arm-none-eabi/bin/../lib/gcc/arm-none-eabi/13.2.1/../../../../arm-none-eabi/lib/thumb/v7e-m+fp/hard/libc_nano.a(libc_a-strlen.o)
                              build/SEGGER_RTT.o (strlen)
/Applications/ArmGNUToolchain/13.2.Rel1/arm-none-eabi/bin/../lib/gcc/arm-none-eabi/13.2.1/../../../../arm-none-eabi/lib/thumb/v7e-m+fp/hard/libc_nano.a(libc_a-mallocr.o)
                              /Applications/ArmGNUToolchain/13.2.Rel1/arm-none-eabi/bin/../lib/gcc/arm-none-eabi/13.2.1/../../../../arm-none-eabi/lib/thumb/v7e-m+fp/hard/libc_nano.a(libc_a-findfp.o) (_malloc_r)
/Applications/ArmGNUToolchain/13.2.Rel1/arm-none-eabi/bin/../lib/gcc/arm-none-eabi/13.2.1/../../../../arm-none-eabi/lib/thumb/v7e-m+fp/hard/libc_nano.a(libc_a-fflush.o)
                              /Applications/ArmGNUToolchain/13.2.Rel1/arm-none-eabi/bin/../lib/gcc/arm-none-eabi/13.2.1/../../../../arm-none-eabi/lib/thumb/v7e-m+fp/hard/libc_nano.a(libc_a-findfp.o) (_fflush_r)
/Applications/ArmGNUToolchain/13.2.Rel1/arm-none-eabi/bin/../lib/gcc/arm-none-eabi/13.2.1/../../../../arm-none-eabi/lib/thumb/v7e-m+fp/hard/libc_nano.a(libc_a-mlock.o)
                              /Applications/ArmGNUToolchain/13.2.Rel1/arm-none-eabi/bin/../lib/gcc/arm-none-eabi/13.2.1/../../../../arm-none-eabi/lib/thumb/v7e-m+fp/hard/libc_nano.a(libc_a-mallocr.o) (__malloc_lock)
/Applications/ArmGNUToolchain/13.2.Rel1/arm-none-eabi/bin/../lib/gcc/arm-none-eabi/13.2.1/../../../../arm-none-eabi/lib/thumb/v7e-m+fp/hard/libc_nano.a(libc_a-stdio.o)
[...]
Memory Configuration

Name             Origin             Length             Attributes
RAM              0x20000000         0x00030000         xrw
CCMRAM           0x10000000         0x00010000         xrw
FLASH            0x08000000         0x00200000         xr
SDRAM            0xd0000000         0x00800000         rw
*default*        0x00000000         0xffffffff

Linker script and memory map

LOAD /Applications/ArmGNUToolchain/13.2.Rel1/arm-none-eabi/bin/../lib/gcc/arm-none-eabi/13.2.1/thumb/v7e-m+fp/hard/crti.o
LOAD /Applications/ArmGNUToolchain/13.2.Rel1/arm-none-eabi/bin/../lib/gcc/arm-none-eabi/13.2.1/thumb/v7e-m+fp/hard/crtbegin.o
LOAD /Applications/ArmGNUToolchain/13.2.Rel1/arm-none-eabi/bin/../lib/gcc/arm-none-eabi/13.2.1/../../../../arm-none-eabi/lib/thumb/v7e-m+fp/hard/crt0.o
LOAD build/fmc.o
LOAD build/spi.o
LOAD build/gpio.o
LOAD build/SEGGER_RTT_printf.o
LOAD build/SEGGER_RTT.o
LOAD build/ltdc.o
LOAD build/syscalls.o
LOAD build/i2c.o
LOAD build/main.o
LOAD build/usart.o
LOAD build/sysmem.o
LOAD build/system_stm32f4xx.o
LOAD build/stm32f4xx_hal_msp.o
LOAD build/dma2d.o
LOAD build/stm32f4xx_it.o
LOAD build/ili9341.o
LOAD build/stm32f429i_discovery_ts.o
LOAD build/stm32f429i_discovery.o
LOAD build/stm32f429i_discovery_io.o
LOAD build/stm32f429i_discovery_lcd.o
LOAD build/stm32f429i_discovery_gyroscope.o
LOAD build/stm32f429i_discovery_sdram.o
LOAD build/stm32f429i_discovery_eeprom.o
LOAD build/stm32f4xx_hal_tim.o
LOAD build/stm32f4xx_hal_spi.o
LOAD build/stm32f4xx_hal_ltdc_ex.o
LOAD build/stm32f4xx_hal_flash.o
LOAD build/stm32f4xx_hal_uart.o
LOAD build/stm32f4xx_hal_exti.o
LOAD build/stm32f4xx_hal_i2c.o
LOAD build/stm32f4xx_ll_fmc.o
LOAD build/stm32f4xx_hal_flash_ex.o
LOAD build/stm32f4xx_hal_rcc.o
LOAD build/stm32f4xx_hal_rcc_ex.o
LOAD build/stm32f4xx_hal_pwr.o
LOAD build/stm32f4xx_hal_cortex.o
LOAD build/stm32f4xx_hal_dma_ex.o
LOAD build/stm32f4xx_hal_pwr_ex.o
LOAD build/stm32f4xx_hal_ltdc.o
LOAD build/stm32f4xx_hal_dma.o
LOAD build/stm32f4xx_hal_i2c_ex.o
LOAD build/stm32f4xx_hal_dma2d.o
LOAD build/stm32f4xx_hal.o
LOAD build/stm32f4xx_hal_flash_ramfunc.o
LOAD build/stm32f4xx_hal_tim_ex.o
LOAD build/stm32f4xx_hal_sdram.o
LOAD build/stm32f4xx_hal_dsi.o
LOAD build/stm32f4xx_hal_gpio.o
LOAD build/screen.o
LOAD build/PixelData.o
LOAD build/startup_stm32f429xx.o
LOAD build/hello.o
LOAD /Applications/ArmGNUToolchain/13.2.Rel1/arm-none-eabi/bin/../lib/gcc/arm-none-eabi/13.2.1/../../../../arm-none-eabi/lib/thumb/v7e-m+fp/hard/libc_nano.a
LOAD /Applications/ArmGNUToolchain/13.2.Rel1/arm-none-eabi/bin/../lib/gcc/arm-none-eabi/13.2.1/../../../../arm-none-eabi/lib/thumb/v7e-m+fp/hard/libm.a
LOAD /Applications/ArmGNUToolchain/13.2.Rel1/arm-none-eabi/bin/../lib/gcc/arm-none-eabi/13.2.1/../../../../arm-none-eabi/lib/thumb/v7e-m+fp/hard/libnosys.a
START GROUP
LOAD /Applications/ArmGNUToolchain/13.2.Rel1/arm-none-eabi/bin/../lib/gcc/arm-none-eabi/13.2.1/thumb/v7e-m+fp/hard/libgcc.a
LOAD /Applications/ArmGNUToolchain/13.2.Rel1/arm-none-eabi/bin/../lib/gcc/arm-none-eabi/13.2.1/../../../../arm-none-eabi/lib/thumb/v7e-m+fp/hard/libc_nano.a
END GROUP
START GROUP
LOAD /Applications/ArmGNUToolchain/13.2.Rel1/arm-none-eabi/bin/../lib/gcc/arm-none-eabi/13.2.1/thumb/v7e-m+fp/hard/libgcc.a
LOAD /Applications/ArmGNUToolchain/13.2.Rel1/arm-none-eabi/bin/../lib/gcc/arm-none-eabi/13.2.1/../../../../arm-none-eabi/lib/thumb/v7e-m+fp/hard/libc_nano.a
END GROUP
LOAD /Applications/ArmGNUToolchain/13.2.Rel1/arm-none-eabi/bin/../lib/gcc/arm-none-eabi/13.2.1/thumb/v7e-m+fp/hard/crtend.o
LOAD /Applications/ArmGNUToolchain/13.2.Rel1/arm-none-eabi/bin/../lib/gcc/arm-none-eabi/13.2.1/thumb/v7e-m+fp/hard/crtn.o
                0x20030000                        _estack = (ORIGIN (RAM) + LENGTH (RAM))
                0x00000200                        _Min_Heap_Size = 0x200
                0x00000400                        _Min_Stack_Size = 0x400

.isr_vector     0x08000000      0x1ac
                0x08000000                        . = ALIGN (0x4)
 *(.isr_vector)
 .isr_vector    0x08000000      0x1ac build/startup_stm32f429xx.o
                0x08000000                g_pfnVectors
                0x080001ac                        . = ALIGN (0x4)

.text           0x080001ac     0x7e64
                0x080001ac                        . = ALIGN (0x4)
 *(.text)
 .text          0x080001ac      0x1f4 build/hello.o
                0x080001ac                $s5hello09SomethingB0PAAE7fizBuzzSbyFAA7StrooctV_Tgq5
                0x080001b0                $s5hello7StrooctV9myBazFuncyyF
                0x080001fc                $s5hello7StrooctV9myFooFuncSiyF
                0x08000202                $s5hello7StrooctV9myBarFuncSiyF
                0x0800021e                $ss17_assertionFailure__4file4line5flagss5NeverOs12StaticStringV_A2HSus6UInt32VtF
                0x08000220                $ss18_fatalErrorMessage__4file4line5flagss5NeverOs12StaticStringV_A2HSus6UInt32VtF
                0x0800022a                swift_initStackObject
                0x08000230                $ss21swift_initStackObject8metadata6objectBpBp_BptF
                0x08000248                swift_initStaticObject
                0x0800024c                $ss22swift_initStaticObject8metadata6objectBpBp_BptF
                0x0800025e                swift_willThrow
                0x08000260                swift_errorInMain
                0x08000262                swift_retain
                0x08000266                $ss12swift_retain6objectBpBp_tF
                0x08000280                swift_retain_n
                0x0800028a                $ss14swift_retain_n6object1nBpBp_s6UInt32VtF
                0x0800028c                swift_setDeallocating
                0x0800028e                $ss21swift_setDeallocating6objectyBp_tF
                0x08000290                swift_bridgeObjectRetain_n
                0x0800029a                $ss26swift_bridgeObjectRetain_n6object1nBpBp_s6UInt32VtF
                0x080002c0                swift_bridgeObjectRetain
                0x080002c4                swift_isUniquelyReferenced_native
                0x080002d2                $ss33swift_isUniquelyReferenced_native6objectSbBp_tF
                0x080002da                swift_isUniquelyReferenced_nonNull_native
                0x080002e8                $ss41swift_isUniquelyReferenced_nonNull_native6objectSbBp_tF
                0x080002ea                swift_dynamicCastClass
                0x080002ee                $ss22swift_dynamicCastClass6object14targetMetadataSvSgSv_SVtF
                0x0800030e                swift_once
                0x08000312                $ss10swift_once9predicate2fn7contextySpySiG_ySvXCSvtF
                0x08000352                swift_beginAccess
                0x08000354                $ss17swift_beginAccess7pointer6buffer5flags2pcySv_SvSuSvtF
                0x08000356                swift_endAccess
                0x08000358                $ss15swift_endAccess6bufferySv_tF
                0x0800035a                swift_deletedMethodError
                0x08000362                $ss24swift_deletedMethodErrors5NeverOyF
                0x08000364                swift_clearSensitive
                0x08000368                $ss20swift_clearSensitive3buf6nbytesySv_SitF
                0x0800037c                $s5hello09SomethingB0PAAE7fizBuzzSbyF
                0x08000384                $ss24swift_bridgeObjectRetain6objectBpBp_tF
 .text          0x080003a0       0x10 /Applications/ArmGNUToolchain/13.2.Rel1/arm-none-eabi/bin/../lib/gcc/arm-none-eabi/13.2.1/../../../../arm-none-eabi/lib/thumb/v7e-m+fp/hard/libc_nano.a(libc_a-strlen.o)
                0x080003a0                strlen
 .text          0x080003b0       0x9a /Applications/ArmGNUToolchain/13.2.Rel1/arm-none-eabi/bin/../lib/gcc/arm-none-eabi/13.2.1/../../../../arm-none-eabi/lib/thumb/v7e-m+fp/hard/libc_nano.a(libc_a-aeabi_memset-soft.o)
                0x080003b0                __aeabi_memset
                0x080003b0                __aeabi_memset8
                0x080003b0                __aeabi_memset4
 *fill*         0x0800044a        0x2 
 .text          0x0800044c       0x30 /Applications/ArmGNUToolchain/13.2.Rel1/arm-none-eabi/bin/../lib/gcc/arm-none-eabi/13.2.1/thumb/v7e-m+fp/hard/libgcc.a(_aeabi_uldivmod.o)
                0x0800044c                __aeabi_uldivmod
 .text          0x0800047c        0x4 /Applications/ArmGNUToolchain/13.2.Rel1/arm-none-eabi/bin/../lib/gcc/arm-none-eabi/13.2.1/thumb/v7e-m+fp/hard/libgcc.a(_dvmd_tls.o)
                0x0800047c                __aeabi_ldiv0
                0x0800047c                __aeabi_idiv0
 *(.text*)
 .text.deregister_tm_clones
                0x08000480       0x1c /Applications/ArmGNUToolchain/13.2.Rel1/arm-none-eabi/bin/../lib/gcc/arm-none-eabi/13.2.1/thumb/v7e-m+fp/hard/crtbegin.o
 .text.register_tm_clones
                0x0800049c       0x24 /Applications/ArmGNUToolchain/13.2.Rel1/arm-none-eabi/bin/../lib/gcc/arm-none-eabi/13.2.1/thumb/v7e-m+fp/hard/crtbegin.o
 .text.__do_global_dtors_aux
                0x080004c0       0x28 /Applications/ArmGNUToolchain/13.2.Rel1/arm-none-eabi/bin/../lib/gcc/arm-none-eabi/13.2.1/thumb/v7e-m+fp/hard/crtbegin.o
 .text.frame_dummy
                0x080004e8       0x24 /Applications/ArmGNUToolchain/13.2.Rel1/arm-none-eabi/bin/../lib/gcc/arm-none-eabi/13.2.1/thumb/v7e-m+fp/hard/crtbegin.o
 .text.MX_FMC_Init
                0x0800050c       0x9c build/fmc.o
                0x0800050c                MX_FMC_Init
 .text.HAL_FMC_MspInit
                0x080005a8      0x124 build/fmc.o
 .text.HAL_SDRAM_MspInit
                0x080006cc       0x14 build/fmc.o
                0x080006cc                HAL_SDRAM_MspInit
 .text.MX_SPI1_Init
                0x080006e0       0x64 build/spi.o
                0x080006e0                MX_SPI1_Init
 .text.HAL_SPI_MspInit
                0x08000744       0xd0 build/spi.o
                0x08000744                HAL_SPI_MspInit
 .text.HAL_SPI_MspDeInit
                0x08000814       0x48 build/spi.o
                0x08000814                HAL_SPI_MspDeInit
 .text.MX_GPIO_Init
                0x0800085c      0x2a4 build/gpio.o
                0x0800085c                MX_GPIO_Init
 .text._StoreChar
                0x08000b00       0x7c build/SEGGER_RTT_printf.o
 .text._PrintUnsigned
                0x08000b7c      0x158 build/SEGGER_RTT_printf.o
 .text._PrintInt
                0x08000cd4      0x14e build/SEGGER_RTT_printf.o
 *fill*         0x08000e22        0x2 
 .text.SEGGER_RTT_vprintf
                0x08000e24      0x3a8 build/SEGGER_RTT_printf.o
                0x08000e24                SEGGER_RTT_vprintf
 .text.SEGGER_RTT_printf
                0x080011cc       0x30 build/SEGGER_RTT_printf.o
                0x080011cc                SEGGER_RTT_printf
 .text._DoInit  0x080011fc       0xb0 build/SEGGER_RTT.o
 .text._WriteBlocking
                0x080012ac       0xba build/SEGGER_RTT.o
 .text._WriteNoCheck
                0x08001366       0x90 build/SEGGER_RTT.o
 .text._GetAvailWriteSpace
                0x080013f6       0x46 build/SEGGER_RTT.o
 .text.SEGGER_RTT_WriteNoLock
                0x0800143c       0xa0 build/SEGGER_RTT.o
                0x0800143c                SEGGER_RTT_WriteNoLock
 .text.SEGGER_RTT_Write
                0x080014dc       0x4c build/SEGGER_RTT.o
                0x080014dc                SEGGER_RTT_Write
 .text.SEGGER_RTT_WriteString
                0x08001528       0x26 build/SEGGER_RTT.o
                0x08001528                SEGGER_RTT_WriteString
 *fill*         0x0800154e        0x2 
 .text.MX_LTDC_Init
                0x08001550      0x164 build/ltdc.o
                0x08001550                MX_LTDC_Init
 .text.HAL_LTDC_MspInit
                0x080016b4      0x250 build/ltdc.o
                0x080016b4                HAL_LTDC_MspInit
 .text.MX_I2C3_Init
                0x08001904       0x80 build/i2c.o
                0x08001904                MX_I2C3_Init
 .text.HAL_I2C_MspInit
                0x08001984       0xd4 build/i2c.o
                0x08001984                HAL_I2C_MspInit
 .text.main     0x08001a58       0x52 build/main.o
                0x08001a58                main
 *fill*         0x08001aaa        0x2 
 .text.SystemClock_Config
                0x08001aac       0xd4 build/main.o
                0x08001aac                SystemClock_Config
 .text.HAL_UART_RxCpltCallback
                0x08001b80       0x64 build/main.o
                0x08001b80                HAL_UART_RxCpltCallback
 .text.lcd_init
                0x08001be4       0x54 build/main.o
 .text.Error_Handler
                0x08001c38        0xc build/main.o
                0x08001c38                Error_Handler
 .text.MX_UART5_Init
                0x08001c44       0x54 build/usart.o
                0x08001c44                MX_UART5_Init
 .text.HAL_UART_MspInit
                0x08001c98       0xe0 build/usart.o
                0x08001c98                HAL_UART_MspInit
 .text.SystemInit
                0x08001d78       0x24 build/system_stm32f4xx.o
                0x08001d78                SystemInit
 .text.HAL_MspInit
                0x08001d9c       0x50 build/stm32f4xx_hal_msp.o
                0x08001d9c                HAL_MspInit
 .text.MX_DMA2D_Init
                0x08001dec       0x64 build/dma2d.o
                0x08001dec                MX_DMA2D_Init
 .text.HAL_DMA2D_MspInit
                0x08001e50       0x50 build/dma2d.o
                0x08001e50                HAL_DMA2D_MspInit
 .text.NMI_Handler
                0x08001ea0        0x8 build/stm32f4xx_it.o
                0x08001ea0                NMI_Handler
 .text.HardFault_Handler
                0x08001ea8        0x8 build/stm32f4xx_it.o
                0x08001ea8                HardFault_Handler
 .text.MemManage_Handler
                0x08001eb0        0x8 build/stm32f4xx_it.o
                0x08001eb0                MemManage_Handler
 .text.BusFault_Handler
                0x08001eb8        0x8 build/stm32f4xx_it.o
                0x08001eb8                BusFault_Handler
 .text.UsageFault_Handler
                0x08001ec0        0x8 build/stm32f4xx_it.o
                0x08001ec0                UsageFault_Handler
 .text.SVC_Handler
                0x08001ec8        0xe build/stm32f4xx_it.o
                0x08001ec8                SVC_Handler
 .text.DebugMon_Handler
                0x08001ed6        0xe build/stm32f4xx_it.o
                0x08001ed6                DebugMon_Handler
 .text.PendSV_Handler
                0x08001ee4        0xe build/stm32f4xx_it.o
                0x08001ee4                PendSV_Handler
 .text.SysTick_Handler
                0x08001ef2        0xc build/stm32f4xx_it.o
                0x08001ef2                SysTick_Handler
 *fill*         0x08001efe        0x2 
 .text.UART5_IRQHandler
                0x08001f00       0x14 build/stm32f4xx_it.o
                0x08001f00                UART5_IRQHandler
 .text.DMA2D_IRQHandler
                0x08001f14       0x14 build/stm32f4xx_it.o
                0x08001f14                DMA2D_IRQHandler
 .text.ili9341_Init
                0x08001f28      0x294 build/ili9341.o
                0x08001f28                ili9341_Init
 .text.ili9341_ReadID
                0x080021bc       0x18 build/ili9341.o
                0x080021bc                ili9341_ReadID
 .text.ili9341_DisplayOn
                0x080021d4        0xe build/ili9341.o
                0x080021d4                ili9341_DisplayOn
 .text.ili9341_DisplayOff
                0x080021e2        0xe build/ili9341.o
                0x080021e2                ili9341_DisplayOff
 .text.ili9341_WriteReg
                0x080021f0       0x1a build/ili9341.o
                0x080021f0                ili9341_WriteReg
 .text.ili9341_WriteData
                0x0800220a       0x1a build/ili9341.o
                0x0800220a                ili9341_WriteData
 .text.ili9341_ReadData
                0x08002224       0x26 build/ili9341.o
                0x08002224                ili9341_ReadData
 .text.ili9341_GetLcdPixelWidth
                0x0800224a       0x10 build/ili9341.o
                0x0800224a                ili9341_GetLcdPixelWidth
 .text.ili9341_GetLcdPixelHeight
                0x0800225a       0x12 build/ili9341.o
                0x0800225a                ili9341_GetLcdPixelHeight
 .text.BSP_LED_Init
                0x0800226c       0xa8 build/stm32f429i_discovery.o
                0x0800226c                BSP_LED_Init
 .text.BSP_LED_Toggle
                0x08002314       0x34 build/stm32f429i_discovery.o
                0x08002314                BSP_LED_Toggle
 .text.SPIx_Init
                0x08002348       0x74 build/stm32f429i_discovery.o
 .text.SPIx_Read
                0x080023bc       0x40 build/stm32f429i_discovery.o
 .text.SPIx_Write
                0x080023fc       0x3c build/stm32f429i_discovery.o
 .text.SPIx_Error
                0x08002438       0x18 build/stm32f429i_discovery.o
 .text.SPIx_MspInit
                0x08002450       0x74 build/stm32f429i_discovery.o
 .text.LCD_IO_Init
                0x080024c4       0xf0 build/stm32f429i_discovery.o
                0x080024c4                LCD_IO_Init
 .text.LCD_IO_WriteData
                0x080025b4       0x44 build/stm32f429i_discovery.o
                0x080025b4                LCD_IO_WriteData
 .text.LCD_IO_WriteReg
                0x080025f8       0x44 build/stm32f429i_discovery.o
                0x080025f8                LCD_IO_WriteReg
 .text.LCD_IO_ReadData
                0x0800263c       0x64 build/stm32f429i_discovery.o
                0x0800263c                LCD_IO_ReadData
 .text.LCD_Delay
                0x080026a0       0x16 build/stm32f429i_discovery.o
                0x080026a0                LCD_Delay
 *fill*         0x080026b6        0x2 
 .text.BSP_LCD_Init
                0x080026b8       0xd4 build/stm32f429i_discovery_lcd.o
                0x080026b8                BSP_LCD_Init
 .text.BSP_LCD_GetXSize
                0x0800278c       0x18 build/stm32f429i_discovery_lcd.o
                0x0800278c                BSP_LCD_GetXSize
 .text.BSP_LCD_GetYSize
                0x080027a4       0x18 build/stm32f429i_discovery_lcd.o
                0x080027a4                BSP_LCD_GetYSize
 .text.BSP_LCD_LayerDefaultInit
                0x080027bc       0xc8 build/stm32f429i_discovery_lcd.o
                0x080027bc                BSP_LCD_LayerDefaultInit
 .text.BSP_LCD_SelectLayer
                0x08002884       0x20 build/stm32f429i_discovery_lcd.o
                0x08002884                BSP_LCD_SelectLayer
 .text.BSP_LCD_SetLayerVisible
                0x080028a4       0x7c build/stm32f429i_discovery_lcd.o
                0x080028a4                BSP_LCD_SetLayerVisible
 .text.BSP_LCD_SetColorKeying
                0x08002920       0x28 build/stm32f429i_discovery_lcd.o
                0x08002920                BSP_LCD_SetColorKeying
 .text.BSP_LCD_SetFont
                0x08002948       0x34 build/stm32f429i_discovery_lcd.o
                0x08002948                BSP_LCD_SetFont
 .text.BSP_LCD_Clear
                0x0800297c       0x50 build/stm32f429i_discovery_lcd.o
                0x0800297c                BSP_LCD_Clear
 .text.BSP_LCD_DisplayOn
                0x080029cc       0x20 build/stm32f429i_discovery_lcd.o
                0x080029cc                BSP_LCD_DisplayOn
 .text.BSP_LCD_MspInit
                0x080029ec      0x1ac build/stm32f429i_discovery_lcd.o
                0x080029ec                BSP_LCD_MspInit
 .text.FillBuffer
                0x08002b98       0x70 build/stm32f429i_discovery_lcd.o
 .text.getLtdcHandler
                0x08002c08       0x24 build/stm32f429i_discovery_lcd.o
                0x08002c08                getLtdcHandler
 .text.getActiveLayer
                0x08002c2c       0x18 build/stm32f429i_discovery_lcd.o
                0x08002c2c                getActiveLayer
 .text.BSP_SDRAM_Init
                0x08002c44       0xbc build/stm32f429i_discovery_sdram.o
                0x08002c44                BSP_SDRAM_Init
 .text.BSP_SDRAM_Initialization_sequence
                0x08002d00       0xc0 build/stm32f429i_discovery_sdram.o
                0x08002d00                BSP_SDRAM_Initialization_sequence
 .text.BSP_SDRAM_MspInit
                0x08002dc0      0x218 build/stm32f429i_discovery_sdram.o
                0x08002dc0                BSP_SDRAM_MspInit
 .text.HAL_SPI_Init
                0x08002fd8      0x112 build/stm32f4xx_hal_spi.o
                0x08002fd8                HAL_SPI_Init
 .text.HAL_SPI_DeInit
                0x080030ea       0x50 build/stm32f4xx_hal_spi.o
                0x080030ea                HAL_SPI_DeInit
 .text.HAL_SPI_Transmit
                0x0800313a      0x286 build/stm32f4xx_hal_spi.o
                0x0800313a                HAL_SPI_Transmit
 .text.HAL_SPI_Receive
                0x080033c0      0x230 build/stm32f4xx_hal_spi.o
                0x080033c0                HAL_SPI_Receive
 .text.HAL_SPI_TransmitReceive
                0x080035f0      0x360 build/stm32f4xx_hal_spi.o
                0x080035f0                HAL_SPI_TransmitReceive
 .text.HAL_SPI_GetState
                0x08003950       0x1c build/stm32f4xx_hal_spi.o
                0x08003950                HAL_SPI_GetState
 .text.SPI_WaitFlagStateUntilTimeout
                0x0800396c      0x110 build/stm32f4xx_hal_spi.o
 .text.SPI_EndRxTransaction
                0x08003a7c       0xca build/stm32f4xx_hal_spi.o
 *fill*         0x08003b46        0x2 
 .text.SPI_EndRxTxTransaction
                0x08003b48       0xa8 build/stm32f4xx_hal_spi.o
 .text.HAL_UART_Init
                0x08003bf0       0xa0 build/stm32f4xx_hal_uart.o
                0x08003bf0                HAL_UART_Init
 .text.HAL_UART_Receive_IT
                0x08003c90       0x4a build/stm32f4xx_hal_uart.o
                0x08003c90                HAL_UART_Receive_IT
 *fill*         0x08003cda        0x2 
 .text.HAL_UART_IRQHandler
                0x08003cdc      0x524 build/stm32f4xx_hal_uart.o
                0x08003cdc                HAL_UART_IRQHandler
 .text.HAL_UART_TxCpltCallback
                0x08004200       0x14 build/stm32f4xx_hal_uart.o
                0x08004200                HAL_UART_TxCpltCallback
 .text.HAL_UART_ErrorCallback
                0x08004214       0x14 build/stm32f4xx_hal_uart.o
                0x08004214                HAL_UART_ErrorCallback
 .text.HAL_UARTEx_RxEventCallback
                0x08004228       0x18 build/stm32f4xx_hal_uart.o
                0x08004228                HAL_UARTEx_RxEventCallback
 .text.UART_Start_Receive_IT
                0x08004240       0x74 build/stm32f4xx_hal_uart.o
                0x08004240                UART_Start_Receive_IT
 .text.UART_EndRxTransfer
                0x080042b4       0xc6 build/stm32f4xx_hal_uart.o
 .text.UART_DMAAbortOnError
                0x0800437a       0x28 build/stm32f4xx_hal_uart.o
 .text.UART_Transmit_IT
                0x080043a2       0xa0 build/stm32f4xx_hal_uart.o
 .text.UART_EndTransmit_IT
                0x08004442       0x30 build/stm32f4xx_hal_uart.o
 .text.UART_Receive_IT
                0x08004472      0x17c build/stm32f4xx_hal_uart.o
 *fill*         0x080045ee        0x2 
 .text.UART_SetConfig
                0x080045f0      0x4e8 build/stm32f4xx_hal_uart.o
 .text.HAL_I2C_Init
                0x08004ad8      0x288 build/stm32f4xx_hal_i2c.o
                0x08004ad8                HAL_I2C_Init
 .text.FMC_SDRAM_Init
                0x08004d60       0xba build/stm32f4xx_ll_fmc.o
                0x08004d60                FMC_SDRAM_Init
 .text.FMC_SDRAM_Timing_Init
                0x08004e1a       0xd2 build/stm32f4xx_ll_fmc.o
                0x08004e1a                FMC_SDRAM_Timing_Init
 .text.FMC_SDRAM_SendCommand
                0x08004eec       0x7a build/stm32f4xx_ll_fmc.o
                0x08004eec                FMC_SDRAM_SendCommand
 .text.FMC_SDRAM_ProgramRefreshRate
                0x08004f66       0x2e build/stm32f4xx_ll_fmc.o
                0x08004f66                FMC_SDRAM_ProgramRefreshRate
 .text.HAL_RCC_OscConfig
                0x08004f94      0x4f0 build/stm32f4xx_hal_rcc.o
                0x08004f94                HAL_RCC_OscConfig
 .text.HAL_RCC_ClockConfig
                0x08005484      0x1cc build/stm32f4xx_hal_rcc.o
                0x08005484                HAL_RCC_ClockConfig
 .text.HAL_RCC_GetSysClockFreq
                0x08005650      0x20c build/stm32f4xx_hal_rcc.o
                0x08005650                HAL_RCC_GetSysClockFreq
 .text.HAL_RCC_GetHCLKFreq
                0x0800585c       0x18 build/stm32f4xx_hal_rcc.o
                0x0800585c                HAL_RCC_GetHCLKFreq
 .text.HAL_RCC_GetPCLK1Freq
                0x08005874       0x28 build/stm32f4xx_hal_rcc.o
                0x08005874                HAL_RCC_GetPCLK1Freq
 .text.HAL_RCC_GetPCLK2Freq
                0x0800589c       0x28 build/stm32f4xx_hal_rcc.o
                0x0800589c                HAL_RCC_GetPCLK2Freq
 .text.HAL_RCCEx_PeriphCLKConfig
                0x080058c4      0x380 build/stm32f4xx_hal_rcc_ex.o
                0x080058c4                HAL_RCCEx_PeriphCLKConfig
 .text.__NVIC_SetPriorityGrouping
                0x08005c44       0x48 build/stm32f4xx_hal_cortex.o
 .text.__NVIC_GetPriorityGrouping
                0x08005c8c       0x1c build/stm32f4xx_hal_cortex.o
 .text.__NVIC_EnableIRQ
                0x08005ca8       0x3c build/stm32f4xx_hal_cortex.o
 .text.__NVIC_SetPriority
                0x08005ce4       0x54 build/stm32f4xx_hal_cortex.o
 .text.NVIC_EncodePriority
                0x08005d38       0x66 build/stm32f4xx_hal_cortex.o
 *fill*         0x08005d9e        0x2 
 .text.SysTick_Config
                0x08005da0       0x44 build/stm32f4xx_hal_cortex.o
 .text.HAL_NVIC_SetPriorityGrouping
                0x08005de4       0x16 build/stm32f4xx_hal_cortex.o
                0x08005de4                HAL_NVIC_SetPriorityGrouping
 .text.HAL_NVIC_SetPriority
                0x08005dfa       0x38 build/stm32f4xx_hal_cortex.o
                0x08005dfa                HAL_NVIC_SetPriority
 .text.HAL_NVIC_EnableIRQ
                0x08005e32       0x1c build/stm32f4xx_hal_cortex.o
                0x08005e32                HAL_NVIC_EnableIRQ
 .text.HAL_SYSTICK_Config
                0x08005e4e       0x18 build/stm32f4xx_hal_cortex.o
                0x08005e4e                HAL_SYSTICK_Config
 *fill*         0x08005e66        0x2 
 .text.HAL_LTDC_Init
                0x08005e68      0x1a0 build/stm32f4xx_hal_ltdc.o
                0x08005e68                HAL_LTDC_Init
 .text.HAL_LTDC_ConfigLayer
                0x08006008       0x7c build/stm32f4xx_hal_ltdc.o
                0x08006008                HAL_LTDC_ConfigLayer
 .text.HAL_LTDC_ConfigColorKeying
                0x08006084       0x88 build/stm32f4xx_hal_ltdc.o
                0x08006084                HAL_LTDC_ConfigColorKeying
 .text.HAL_LTDC_EnableColorKeying
                0x0800610c       0x72 build/stm32f4xx_hal_ltdc.o
                0x0800610c                HAL_LTDC_EnableColorKeying
 *fill*         0x0800617e        0x2 
 .text.HAL_LTDC_EnableDither
                0x08006180       0x54 build/stm32f4xx_hal_ltdc.o
                0x08006180                HAL_LTDC_EnableDither
 .text.LTDC_SetConfig
                0x080061d4      0x32e build/stm32f4xx_hal_ltdc.o
 *fill*         0x08006502        0x2 
 .text.HAL_DMA_Init
                0x08006504      0x15c build/stm32f4xx_hal_dma.o
                0x08006504                HAL_DMA_Init
 .text.HAL_DMA_DeInit
                0x08006660       0xbc build/stm32f4xx_hal_dma.o
                0x08006660                HAL_DMA_DeInit
 .text.HAL_DMA_Abort
                0x0800671c       0xe0 build/stm32f4xx_hal_dma.o
                0x0800671c                HAL_DMA_Abort
 .text.HAL_DMA_Abort_IT
                0x080067fc       0x44 build/stm32f4xx_hal_dma.o
                0x080067fc                HAL_DMA_Abort_IT
 .text.DMA_CalcBaseAndBitshift
                0x08006840       0x6c build/stm32f4xx_hal_dma.o
 .text.DMA_CheckFifoParam
                0x080068ac       0xf8 build/stm32f4xx_hal_dma.o
 .text.HAL_I2CEx_ConfigAnalogFilter
                0x080069a4       0x78 build/stm32f4xx_hal_i2c_ex.o
                0x080069a4                HAL_I2CEx_ConfigAnalogFilter
 .text.HAL_I2CEx_ConfigDigitalFilter
                0x08006a1c       0x7e build/stm32f4xx_hal_i2c_ex.o
                0x08006a1c                HAL_I2CEx_ConfigDigitalFilter
 .text.HAL_DMA2D_Init
                0x08006a9a       0x92 build/stm32f4xx_hal_dma2d.o
                0x08006a9a                HAL_DMA2D_Init
 .text.HAL_DMA2D_Start
                0x08006b2c       0x56 build/stm32f4xx_hal_dma2d.o
                0x08006b2c                HAL_DMA2D_Start
 .text.HAL_DMA2D_Start_IT
                0x08006b82       0x66 build/stm32f4xx_hal_dma2d.o
                0x08006b82                HAL_DMA2D_Start_IT
 .text.HAL_DMA2D_PollForTransfer
                0x08006be8      0x1d2 build/stm32f4xx_hal_dma2d.o
                0x08006be8                HAL_DMA2D_PollForTransfer
 .text.HAL_DMA2D_IRQHandler
                0x08006dba      0x1f8 build/stm32f4xx_hal_dma2d.o
                0x08006dba                HAL_DMA2D_IRQHandler
 .text.HAL_DMA2D_LineEventCallback
                0x08006fb2       0x14 build/stm32f4xx_hal_dma2d.o
                0x08006fb2                HAL_DMA2D_LineEventCallback
 .text.HAL_DMA2D_CLUTLoadingCpltCallback
                0x08006fc6       0x14 build/stm32f4xx_hal_dma2d.o
                0x08006fc6                HAL_DMA2D_CLUTLoadingCpltCallback
 *fill*         0x08006fda        0x2 
 .text.HAL_DMA2D_ConfigLayer
                0x08006fdc      0x124 build/stm32f4xx_hal_dma2d.o
                0x08006fdc                HAL_DMA2D_ConfigLayer
 .text.DMA2D_SetConfig
                0x08007100      0x138 build/stm32f4xx_hal_dma2d.o
 .text.HAL_Init
                0x08007238       0x44 build/stm32f4xx_hal.o
                0x08007238                HAL_Init
 .text.HAL_InitTick
                0x0800727c       0x60 build/stm32f4xx_hal.o
                0x0800727c                HAL_InitTick
 .text.HAL_IncTick
                0x080072dc       0x28 build/stm32f4xx_hal.o
                0x080072dc                HAL_IncTick
 .text.HAL_GetTick
                0x08007304       0x18 build/stm32f4xx_hal.o
                0x08007304                HAL_GetTick
 .text.HAL_Delay
                0x0800731c       0x48 build/stm32f4xx_hal.o
                0x0800731c                HAL_Delay
 .text.HAL_SDRAM_Init
                0x08007364       0x68 build/stm32f4xx_hal_sdram.o
                0x08007364                HAL_SDRAM_Init
 .text.HAL_SDRAM_SendCommand
                0x080073cc       0x6a build/stm32f4xx_hal_sdram.o
                0x080073cc                HAL_SDRAM_SendCommand
 .text.HAL_SDRAM_ProgramRefreshRate
                0x08007436       0x50 build/stm32f4xx_hal_sdram.o
                0x08007436                HAL_SDRAM_ProgramRefreshRate
 *fill*         0x08007486        0x2 
 .text.HAL_GPIO_Init
                0x08007488      0x358 build/stm32f4xx_hal_gpio.o
                0x08007488                HAL_GPIO_Init
 .text.HAL_GPIO_DeInit
                0x080077e0      0x218 build/stm32f4xx_hal_gpio.o
                0x080077e0                HAL_GPIO_DeInit
 .text.HAL_GPIO_WritePin
                0x080079f8       0x32 build/stm32f4xx_hal_gpio.o
                0x080079f8                HAL_GPIO_WritePin
 .text.HAL_GPIO_TogglePin
                0x08007a2a       0x34 build/stm32f4xx_hal_gpio.o
                0x08007a2a                HAL_GPIO_TogglePin
 *fill*         0x08007a5e        0x2 
 .text.screen_write_pixel
                0x08007a60       0xbc build/screen.o
                0x08007a60                screen_write_pixel
 .text.screen_flush
                0x08007b1c       0xac build/screen.o
                0x08007b1c                screen_flush
 .text.screen_clear
                0x08007bc8       0x74 build/screen.o
                0x08007bc8                screen_clear
 .text.getPixelDataAt
                0x08007c3c       0x30 build/PixelData.o
                0x08007c3c                getPixelDataAt
 .text.Reset_Handler
                0x08007c6c       0x50 build/startup_stm32f429xx.o
                0x08007c6c                Reset_Handler
 .text.Default_Handler
                0x08007cbc        0x2 build/startup_stm32f429xx.o
                0x08007cbc                DMA1_Stream3_IRQHandler
                0x08007cbc                HASH_RNG_IRQHandler
                0x08007cbc                EXTI2_IRQHandler
                0x08007cbc                TIM8_CC_IRQHandler
                0x08007cbc                UART8_IRQHandler
                0x08007cbc                SPI4_IRQHandler
                0x08007cbc                TIM1_CC_IRQHandler
                0x08007cbc                DMA2_Stream5_IRQHandler
                0x08007cbc                DMA1_Stream5_IRQHandler
                0x08007cbc                PVD_IRQHandler
                0x08007cbc                SDIO_IRQHandler
                0x08007cbc                TAMP_STAMP_IRQHandler
                0x08007cbc                CAN2_RX1_IRQHandler
                0x08007cbc                EXTI3_IRQHandler
                0x08007cbc                TIM8_TRG_COM_TIM14_IRQHandler
                0x08007cbc                TIM1_UP_TIM10_IRQHandler
                0x08007cbc                TIM8_UP_TIM13_IRQHandler
                0x08007cbc                I2C3_ER_IRQHandler
                0x08007cbc                EXTI0_IRQHandler
                0x08007cbc                I2C2_EV_IRQHandler
                0x08007cbc                DMA1_Stream2_IRQHandler
                0x08007cbc                CAN1_RX0_IRQHandler
                0x08007cbc                FPU_IRQHandler
                0x08007cbc                OTG_HS_WKUP_IRQHandler
                0x08007cbc                LTDC_ER_IRQHandler
                0x08007cbc                CAN2_SCE_IRQHandler
                0x08007cbc                DMA2_Stream2_IRQHandler
                0x08007cbc                SPI1_IRQHandler
                0x08007cbc                TIM6_DAC_IRQHandler
                0x08007cbc                TIM1_BRK_TIM9_IRQHandler
                0x08007cbc                DCMI_IRQHandler
                0x08007cbc                CAN2_RX0_IRQHandler
                0x08007cbc                DMA2_Stream3_IRQHandler
                0x08007cbc                USART6_IRQHandler
                0x08007cbc                USART3_IRQHandler
                0x08007cbc                CAN1_RX1_IRQHandler
                0x08007cbc                DMA2_Stream0_IRQHandler
                0x08007cbc                TIM4_IRQHandler
                0x08007cbc                I2C1_EV_IRQHandler
                0x08007cbc                DMA1_Stream6_IRQHandler
                0x08007cbc                DMA1_Stream1_IRQHandler
                0x08007cbc                UART4_IRQHandler
                0x08007cbc                TIM3_IRQHandler
                0x08007cbc                RCC_IRQHandler
                0x08007cbc                TIM8_BRK_TIM12_IRQHandler
                0x08007cbc                Default_Handler
                0x08007cbc                EXTI15_10_IRQHandler
                0x08007cbc                ADC_IRQHandler
                0x08007cbc                DMA1_Stream7_IRQHandler
                0x08007cbc                SPI5_IRQHandler
                0x08007cbc                TIM7_IRQHandler
                0x08007cbc                CAN2_TX_IRQHandler
                0x08007cbc                TIM5_IRQHandler
                0x08007cbc                DMA2_Stream7_IRQHandler
                0x08007cbc                I2C3_EV_IRQHandler
                0x08007cbc                EXTI9_5_IRQHandler
                0x08007cbc                RTC_WKUP_IRQHandler
                0x08007cbc                LTDC_IRQHandler
                0x08007cbc                ETH_WKUP_IRQHandler
                0x08007cbc                SPI2_IRQHandler
                0x08007cbc                OTG_HS_EP1_IN_IRQHandler
                0x08007cbc                DMA1_Stream0_IRQHandler
                0x08007cbc                CAN1_TX_IRQHandler
                0x08007cbc                EXTI4_IRQHandler
                0x08007cbc                ETH_IRQHandler
                0x08007cbc                OTG_HS_EP1_OUT_IRQHandler
                0x08007cbc                WWDG_IRQHandler
                0x08007cbc                SPI6_IRQHandler
                0x08007cbc                TIM2_IRQHandler
                0x08007cbc                OTG_FS_WKUP_IRQHandler
                0x08007cbc                TIM1_TRG_COM_TIM11_IRQHandler
                0x08007cbc                OTG_HS_IRQHandler
                0x08007cbc                EXTI1_IRQHandler
                0x08007cbc                UART7_IRQHandler
                0x08007cbc                USART2_IRQHandler
                0x08007cbc                I2C2_ER_IRQHandler
                0x08007cbc                DMA2_Stream1_IRQHandler
                0x08007cbc                CAN1_SCE_IRQHandler
                0x08007cbc                FLASH_IRQHandler
                0x08007cbc                DMA2_Stream4_IRQHandler
                0x08007cbc                USART1_IRQHandler
                0x08007cbc                OTG_FS_IRQHandler
                0x08007cbc                SPI3_IRQHandler
                0x08007cbc                DMA1_Stream4_IRQHandler
                0x08007cbc                I2C1_ER_IRQHandler
                0x08007cbc                FMC_IRQHandler
                0x08007cbc                DMA2_Stream6_IRQHandler
                0x08007cbc                SAI1_IRQHandler
                0x08007cbc                RTC_Alarm_IRQHandler
 .text.memset   0x08007cbe       0x10 /Applications/ArmGNUToolchain/13.2.Rel1/arm-none-eabi/bin/../lib/gcc/arm-none-eabi/13.2.1/../../../../arm-none-eabi/lib/thumb/v7e-m+fp/hard/libc_nano.a(libc_a-memset.o)
                0x08007cbe                memset
 *fill*         0x08007cce        0x2 
 .text.__libc_init_array
                0x08007cd0       0x48 /Applications/ArmGNUToolchain/13.2.Rel1/arm-none-eabi/bin/../lib/gcc/arm-none-eabi/13.2.1/../../../../arm-none-eabi/lib/thumb/v7e-m+fp/hard/libc_nano.a(libc_a-init.o)
                0x08007cd0                __libc_init_array
 .text.__aeabi_memclr
                0x08007d18        0x6 /Applications/ArmGNUToolchain/13.2.Rel1/arm-none-eabi/bin/../lib/gcc/arm-none-eabi/13.2.1/../../../../arm-none-eabi/lib/thumb/v7e-m+fp/hard/libc_nano.a(libc_a-aeabi_memclr.o)
                0x08007d18                __aeabi_memclr8
                0x08007d18                __aeabi_memclr
                0x08007d18                __aeabi_memclr4
 .text.memcpy   0x08007d1e       0x1c /Applications/ArmGNUToolchain/13.2.Rel1/arm-none-eabi/bin/../lib/gcc/arm-none-eabi/13.2.1/../../../../arm-none-eabi/lib/thumb/v7e-m+fp/hard/libc_nano.a(libc_a-memcpy-stub.o)
                0x08007d1e                memcpy
 *fill*         0x08007d3a        0x2 
 .text.__udivmoddi4
                0x08007d3c      0x2bc /Applications/ArmGNUToolchain/13.2.Rel1/arm-none-eabi/bin/../lib/gcc/arm-none-eabi/13.2.1/thumb/v7e-m+fp/hard/libgcc.a(_udivmoddi4.o)
                0x08007d3c                __udivmoddi4
 *(.glue_7)
 .glue_7        0x08007ff8        0x0 linker stubs
 *(.glue_7t)
 .glue_7t       0x08007ff8        0x0 linker stubs
 *(.eh_frame)
 .eh_frame      0x08007ff8        0x0 /Applications/ArmGNUToolchain/13.2.Rel1/arm-none-eabi/bin/../lib/gcc/arm-none-eabi/13.2.1/thumb/v7e-m+fp/hard/crtbegin.o
 *(.init)
 .init          0x08007ff8        0x4 /Applications/ArmGNUToolchain/13.2.Rel1/arm-none-eabi/bin/../lib/gcc/arm-none-eabi/13.2.1/thumb/v7e-m+fp/hard/crti.o
                0x08007ff8                _init
 .init          0x08007ffc        0x8 /Applications/ArmGNUToolchain/13.2.Rel1/arm-none-eabi/bin/../lib/gcc/arm-none-eabi/13.2.1/thumb/v7e-m+fp/hard/crtn.o
 *(.fini)
 .fini          0x08008004        0x4 /Applications/ArmGNUToolchain/13.2.Rel1/arm-none-eabi/bin/../lib/gcc/arm-none-eabi/13.2.1/thumb/v7e-m+fp/hard/crti.o
                0x08008004                _fini
 .fini          0x08008008        0x8 /Applications/ArmGNUToolchain/13.2.Rel1/arm-none-eabi/bin/../lib/gcc/arm-none-eabi/13.2.1/thumb/v7e-m+fp/hard/crtn.o
                0x08008010                        . = ALIGN (0x4)
                0x08008010                        _etext = .

.vfp11_veneer   0x08008010        0x0
 .vfp11_veneer  0x08008010        0x0 linker stubs

.v4_bx          0x08008010        0x0
 .v4_bx         0x08008010        0x0 linker stubs

.iplt           0x08008010        0x0
 .iplt          0x08008010        0x0 /Applications/ArmGNUToolchain/13.2.Rel1/arm-none-eabi/bin/../lib/gcc/arm-none-eabi/13.2.1/thumb/v7e-m+fp/hard/crtbegin.o

.rodata         0x08008010     0x4e7c
                0x08008010                        . = ALIGN (0x4)
 *(.rodata)
 .rodata        0x08008010        0x9 build/SEGGER_RTT.o
 *fill*         0x08008019        0x3 
 .rodata        0x0800801c      0xc60 build/main.o
 *(.rodata*)
 .rodata._aV2C.0
                0x08008c7c       0x10 build/SEGGER_RTT_printf.o
 .rodata._aInitStr.0
                0x08008c8c       0x11 build/SEGGER_RTT.o
 *fill*         0x08008c9d        0x3 
 .rodata.AHBPrescTable
                0x08008ca0       0x10 build/system_stm32f4xx.o
                0x08008ca0                AHBPrescTable
 .rodata.APBPrescTable
                0x08008cb0        0x8 build/system_stm32f4xx.o
                0x08008cb0                APBPrescTable
 .rodata.GPIO_PIN
                0x08008cb8        0x4 build/stm32f429i_discovery.o
                0x08008cb8                GPIO_PIN
 .rodata.Font24_Table
                0x08008cbc     0x1ab8 build/stm32f429i_discovery_lcd.o
                0x08008cbc                Font24_Table
 .rodata.flagBitshiftOffset.0
                0x0800a774        0x8 build/stm32f4xx_hal_dma.o
 .rodata.logoPixelData
                0x0800a77c     0x2710 build/PixelData.o
                0x0800a77c                logoPixelData
                0x0800ce8c                        . = ALIGN (0x4)

.swift_modhash  0x0800ce8c       0x10
 .swift_modhash
                0x0800ce8c       0x10 build/hello.o

.ARM.extab
 *(.ARM.extab* .gnu.linkonce.armextab.*)

.ARM            0x0800ce9c        0x8
                0x0800ce9c                        __exidx_start = .
 *(.ARM.exidx*)
 .ARM.exidx     0x0800ce9c        0x8 build/hello.o
                                0x168 (size before relaxing)
 .ARM.exidx     0x0800cea4        0x0 /Applications/ArmGNUToolchain/13.2.Rel1/arm-none-eabi/bin/../lib/gcc/arm-none-eabi/13.2.1/../../../../arm-none-eabi/lib/thumb/v7e-m+fp/hard/libc_nano.a(libc_a-strlen.o)
                                  0x8 (size before relaxing)
 .ARM.exidx     0x0800cea4        0x0 /Applications/ArmGNUToolchain/13.2.Rel1/arm-none-eabi/bin/../lib/gcc/arm-none-eabi/13.2.1/../../../../arm-none-eabi/lib/thumb/v7e-m+fp/hard/libc_nano.a(libc_a-aeabi_memset-soft.o)
                                  0x8 (size before relaxing)
 .ARM.exidx.text.__udivmoddi4
                0x0800cea4        0x0 /Applications/ArmGNUToolchain/13.2.Rel1/arm-none-eabi/bin/../lib/gcc/arm-none-eabi/13.2.1/thumb/v7e-m+fp/hard/libgcc.a(_udivmoddi4.o)
                                  0x8 (size before relaxing)
                0x0800cea4                        __exidx_end = .

.rel.dyn        0x0800cea4        0x0
 .rel.iplt      0x0800cea4        0x0 /Applications/ArmGNUToolchain/13.2.Rel1/arm-none-eabi/bin/../lib/gcc/arm-none-eabi/13.2.1/thumb/v7e-m+fp/hard/crtbegin.o

.preinit_array  0x0800cea4        0x0
                0x0800cea4                        PROVIDE (__preinit_array_start = .)
 *(.preinit_array*)
                0x0800cea4                        PROVIDE (__preinit_array_end = .)

.init_array     0x0800cea4        0x4
                0x0800cea4                        PROVIDE (__init_array_start = .)
 *(SORT_BY_NAME(.init_array.*))
 *(.init_array*)
 .init_array    0x0800cea4        0x4 /Applications/ArmGNUToolchain/13.2.Rel1/arm-none-eabi/bin/../lib/gcc/arm-none-eabi/13.2.1/thumb/v7e-m+fp/hard/crtbegin.o
                0x0800cea8                        PROVIDE (__init_array_end = .)

.fini_array     0x0800cea8        0x4
                [!provide]                        PROVIDE (__fini_array_start = .)
 *(SORT_BY_NAME(.fini_array.*))
 *(.fini_array*)
 .fini_array    0x0800cea8        0x4 /Applications/ArmGNUToolchain/13.2.Rel1/arm-none-eabi/bin/../lib/gcc/arm-none-eabi/13.2.1/thumb/v7e-m+fp/hard/crtbegin.o
                [!provide]                        PROVIDE (__fini_array_end = .)
                0x0800ceac                        _sidata = LOADADDR (.data)

.data           0x20000000       0x60 load address 0x0800ceac
                0x20000000                        . = ALIGN (0x4)
                0x20000000                        _sdata = .
 *(.data)
 *(.data*)
 .data.SystemCoreClock
                0x20000000        0x4 build/system_stm32f4xx.o
                0x20000000                SystemCoreClock
 .data.ili9341_drv
                0x20000004       0x38 build/ili9341.o
                0x20000004                ili9341_drv
 .data.GPIO_PORT
                0x2000003c        0x8 build/stm32f429i_discovery.o
                0x2000003c                GPIO_PORT
 .data.SpixTimeout
                0x20000044        0x4 build/stm32f429i_discovery.o
                0x20000044                SpixTimeout
 .data.Font24   0x20000048        0x8 build/stm32f429i_discovery_lcd.o
                0x20000048                Font24
 .data.sdramstatus.2
                0x20000050        0x1 build/stm32f429i_discovery_sdram.o
 *fill*         0x20000051        0x3 
 .data.uwTickPrio
                0x20000054        0x4 build/stm32f4xx_hal.o
                0x20000054                uwTickPrio
 .data.uwTickFreq
                0x20000058        0x1 build/stm32f4xx_hal.o
                0x20000058                uwTickFreq
 *fill*         0x20000059        0x3 
 .data.logoPixelDataStartPointer
                0x2000005c        0x4 build/PixelData.o
                0x2000005c                logoPixelDataStartPointer
                0x20000060                        . = ALIGN (0x4)
                0x20000060                        _edata = .
                0x0800cf0c                        _siccmram = LOADADDR (.ccmram)

.tm_clone_table
                0x20000060        0x0 load address 0x0800cf0c
 .tm_clone_table
                0x20000060        0x0 /Applications/ArmGNUToolchain/13.2.Rel1/arm-none-eabi/bin/../lib/gcc/arm-none-eabi/13.2.1/thumb/v7e-m+fp/hard/crtbegin.o
 .tm_clone_table
                0x20000060        0x0 /Applications/ArmGNUToolchain/13.2.Rel1/arm-none-eabi/bin/../lib/gcc/arm-none-eabi/13.2.1/thumb/v7e-m+fp/hard/crtend.o

.igot.plt       0x20000060        0x0 load address 0x0800cf0c
 .igot.plt      0x20000060        0x0 /Applications/ArmGNUToolchain/13.2.Rel1/arm-none-eabi/bin/../lib/gcc/arm-none-eabi/13.2.1/thumb/v7e-m+fp/hard/crtbegin.o

.ccmram         0x10000000        0x0 load address 0x0800cf0c
                0x10000000                        . = ALIGN (0x4)
                0x10000000                        _sccmram = .
 *(.ccmram)
 *(.ccmram*)
                0x10000000                        . = ALIGN (0x4)
                0x10000000                        _eccmram = .
                0x10000000                        . = ALIGN (0x4)

.bss            0x20000060      0x944
                0x20000060                        _sbss = .
                0x20000060                        __bss_start__ = _sbss
 *(.bss)
 *(.bss*)
 .bss.completed.1
                0x20000060        0x1 /Applications/ArmGNUToolchain/13.2.Rel1/arm-none-eabi/bin/../lib/gcc/arm-none-eabi/13.2.1/thumb/v7e-m+fp/hard/crtbegin.o
 *fill*         0x20000061        0x3 
 .bss.object.0  0x20000064       0x18 /Applications/ArmGNUToolchain/13.2.Rel1/arm-none-eabi/bin/../lib/gcc/arm-none-eabi/13.2.1/thumb/v7e-m+fp/hard/crtbegin.o
 .bss.hsdram1   0x2000007c       0x34 build/fmc.o
                0x2000007c                hsdram1
 .bss.FMC_Initialized
                0x200000b0        0x4 build/fmc.o
 .bss.hspi1     0x200000b4       0x58 build/spi.o
                0x200000b4                hspi1
 .bss._SEGGER_RTT
                0x2000010c       0xa8 build/SEGGER_RTT.o
                0x2000010c                _SEGGER_RTT
 .bss._acUpBuffer
                0x200001b4      0x400 build/SEGGER_RTT.o
 .bss._acDownBuffer
                0x200005b4       0x10 build/SEGGER_RTT.o
 .bss.hltdc     0x200005c4       0xa8 build/ltdc.o
                0x200005c4                hltdc
 .bss.hi2c3     0x2000066c       0x54 build/i2c.o
                0x2000066c                hi2c3
 .bss.rx_buffer
                0x200006c0        0x2 build/main.o
 *fill*         0x200006c2        0x2 
 .bss.huart5    0x200006c4       0x48 build/usart.o
                0x200006c4                huart5
 .bss.hdma2d    0x2000070c       0x40 build/dma2d.o
                0x2000070c                hdma2d
 .bss.SpiHandle
                0x2000074c       0x58 build/stm32f429i_discovery.o
 .bss.Is_LCD_IO_Initialized
                0x200007a4        0x1 build/stm32f429i_discovery.o
 *fill*         0x200007a5        0x3 
 .bss.LtdcHandler
                0x200007a8       0xa8 build/stm32f429i_discovery_lcd.o
                0x200007a8                LtdcHandler
 .bss.Dma2dHandler
                0x20000850       0x40 build/stm32f429i_discovery_lcd.o
 .bss.PeriphClkInitStruct
                0x20000890       0x30 build/stm32f429i_discovery_lcd.o
 .bss.ActiveLayer
                0x200008c0        0x4 build/stm32f429i_discovery_lcd.o
 .bss.DrawProp  0x200008c4       0x18 build/stm32f429i_discovery_lcd.o
 .bss.LcdDrv    0x200008dc        0x4 build/stm32f429i_discovery_lcd.o
                0x200008dc                LcdDrv
 .bss.SdramHandle
                0x200008e0       0x34 build/stm32f429i_discovery_sdram.o
 .bss.Timing    0x20000914       0x1c build/stm32f429i_discovery_sdram.o
 .bss.Command   0x20000930       0x10 build/stm32f429i_discovery_sdram.o
 .bss.dmaHandle.1
                0x20000940       0x60 build/stm32f429i_discovery_sdram.o
 .bss.uwTick    0x200009a0        0x4 build/stm32f4xx_hal.o
                0x200009a0                uwTick
 *(COMMON)
                0x200009a4                        . = ALIGN (0x4)
                0x200009a4                        _ebss = .
                0x200009a4                        __bss_end__ = _ebss

._user_heap_stack
                0x200009a4      0x604
                0x200009a8                        . = ALIGN (0x8)
 *fill*         0x200009a4        0x4 
                [!provide]                        PROVIDE (end = .)
                0x200009a8                        PROVIDE (_end = .)
                0x20000ba8                        . = (. + _Min_Heap_Size)
 *fill*         0x200009a8      0x200 
                0x20000fa8                        . = (. + _Min_Stack_Size)
 *fill*         0x20000ba8      0x400 
                0x20000fa8                        . = ALIGN (0x8)

.sdram          0xd0000000    0x96000
                0xd0000000                        . = ALIGN (0x4)
                0xd0000000                        _ssdram = .
 *(.data)
 *(.data*)
                0xd0000000                        . = ALIGN (0x4)
                0xd0000000                        _esdram = .
 .sdram         0xd0000000    0x96000 build/screen.o

/DISCARD/
 libc.a(*)
 libm.a(*)
 libgcc.a(*)

.ARM.attributes
                0x00000000       0x36
 *(.ARM.attributes)
 .ARM.attributes
                0x00000000       0x22 /Applications/ArmGNUToolchain/13.2.Rel1/arm-none-eabi/bin/../lib/gcc/arm-none-eabi/13.2.1/thumb/v7e-m+fp/hard/crti.o
 .ARM.attributes
                0x00000022       0x34 /Applications/ArmGNUToolchain/13.2.Rel1/arm-none-eabi/bin/../lib/gcc/arm-none-eabi/13.2.1/thumb/v7e-m+fp/hard/crtbegin.o
 .ARM.attributes
                0x00000056       0x34 build/fmc.o
 .ARM.attributes
                0x0000008a       0x34 build/spi.o
 .ARM.attributes
                0x000000be       0x34 build/gpio.o
 .ARM.attributes
                0x000000f2       0x34 build/SEGGER_RTT_printf.o
 .ARM.attributes
                0x00000126       0x34 build/SEGGER_RTT.o
 .ARM.attributes
                0x0000015a       0x34 build/ltdc.o
 .ARM.attributes
                0x0000018e       0x34 build/i2c.o
 .ARM.attributes
                0x000001c2       0x34 build/main.o
 .ARM.attributes
                0x000001f6       0x34 build/usart.o
 .ARM.attributes
                0x0000022a       0x34 build/system_stm32f4xx.o
 .ARM.attributes
                0x0000025e       0x34 build/stm32f4xx_hal_msp.o
 .ARM.attributes
                0x00000292       0x34 build/dma2d.o
 .ARM.attributes
                0x000002c6       0x34 build/stm32f4xx_it.o
 .ARM.attributes
                0x000002fa       0x34 build/ili9341.o
 .ARM.attributes
                0x0000032e       0x34 build/stm32f429i_discovery.o
 .ARM.attributes
                0x00000362       0x34 build/stm32f429i_discovery_lcd.o
 .ARM.attributes
                0x00000396       0x34 build/stm32f429i_discovery_sdram.o
 .ARM.attributes
                0x000003ca       0x34 build/stm32f4xx_hal_spi.o
 .ARM.attributes
                0x000003fe       0x34 build/stm32f4xx_hal_uart.o
 .ARM.attributes
                0x00000432       0x34 build/stm32f4xx_hal_i2c.o
 .ARM.attributes
                0x00000466       0x34 build/stm32f4xx_ll_fmc.o
 .ARM.attributes
                0x0000049a       0x34 build/stm32f4xx_hal_rcc.o
 .ARM.attributes
                0x000004ce       0x34 build/stm32f4xx_hal_rcc_ex.o
 .ARM.attributes
                0x00000502       0x34 build/stm32f4xx_hal_cortex.o
 .ARM.attributes
                0x00000536       0x34 build/stm32f4xx_hal_ltdc.o
 .ARM.attributes
                0x0000056a       0x34 build/stm32f4xx_hal_dma.o
 .ARM.attributes
                0x0000059e       0x34 build/stm32f4xx_hal_i2c_ex.o
 .ARM.attributes
                0x000005d2       0x34 build/stm32f4xx_hal_dma2d.o
 .ARM.attributes
                0x00000606       0x34 build/stm32f4xx_hal.o
 .ARM.attributes
                0x0000063a       0x34 build/stm32f4xx_hal_sdram.o
 .ARM.attributes
                0x0000066e       0x34 build/stm32f4xx_hal_gpio.o
 .ARM.attributes
                0x000006a2       0x34 build/screen.o
 .ARM.attributes
                0x000006d6       0x34 build/PixelData.o
 .ARM.attributes
                0x0000070a       0x21 build/startup_stm32f429xx.o
 .ARM.attributes
                0x0000072b       0x4b build/hello.o
 .ARM.attributes
                0x00000776       0x34 /Applications/ArmGNUToolchain/13.2.Rel1/arm-none-eabi/bin/../lib/gcc/arm-none-eabi/13.2.1/../../../../arm-none-eabi/lib/thumb/v7e-m+fp/hard/libc_nano.a(libc_a-memset.o)
 .ARM.attributes
                0x000007aa       0x34 /Applications/ArmGNUToolchain/13.2.Rel1/arm-none-eabi/bin/../lib/gcc/arm-none-eabi/13.2.1/../../../../arm-none-eabi/lib/thumb/v7e-m+fp/hard/libc_nano.a(libc_a-init.o)
 .ARM.attributes
                0x000007de       0x34 /Applications/ArmGNUToolchain/13.2.Rel1/arm-none-eabi/bin/../lib/gcc/arm-none-eabi/13.2.1/../../../../arm-none-eabi/lib/thumb/v7e-m+fp/hard/libc_nano.a(libc_a-aeabi_memclr.o)
 .ARM.attributes
                0x00000812       0x34 /Applications/ArmGNUToolchain/13.2.Rel1/arm-none-eabi/bin/../lib/gcc/arm-none-eabi/13.2.1/../../../../arm-none-eabi/lib/thumb/v7e-m+fp/hard/libc_nano.a(libc_a-memcpy-stub.o)
 .ARM.attributes
                0x00000846       0x17 /Applications/ArmGNUToolchain/13.2.Rel1/arm-none-eabi/bin/../lib/gcc/arm-none-eabi/13.2.1/../../../../arm-none-eabi/lib/thumb/v7e-m+fp/hard/libc_nano.a(libc_a-strlen.o)
 .ARM.attributes
                0x0000085d       0x20 /Applications/ArmGNUToolchain/13.2.Rel1/arm-none-eabi/bin/../lib/gcc/arm-none-eabi/13.2.1/../../../../arm-none-eabi/lib/thumb/v7e-m+fp/hard/libc_nano.a(libc_a-aeabi_memset-soft.o)
 .ARM.attributes
                0x0000087d       0x22 /Applications/ArmGNUToolchain/13.2.Rel1/arm-none-eabi/bin/../lib/gcc/arm-none-eabi/13.2.1/thumb/v7e-m+fp/hard/libgcc.a(_aeabi_uldivmod.o)
 .ARM.attributes
                0x0000089f       0x34 /Applications/ArmGNUToolchain/13.2.Rel1/arm-none-eabi/bin/../lib/gcc/arm-none-eabi/13.2.1/thumb/v7e-m+fp/hard/libgcc.a(_udivmoddi4.o)
 .ARM.attributes
                0x000008d3       0x22 /Applications/ArmGNUToolchain/13.2.Rel1/arm-none-eabi/bin/../lib/gcc/arm-none-eabi/13.2.1/thumb/v7e-m+fp/hard/libgcc.a(_dvmd_tls.o)
 .ARM.attributes
                0x000008f5       0x34 /Applications/ArmGNUToolchain/13.2.Rel1/arm-none-eabi/bin/../lib/gcc/arm-none-eabi/13.2.1/thumb/v7e-m+fp/hard/crtend.o
 .ARM.attributes
                0x00000929       0x22 /Applications/ArmGNUToolchain/13.2.Rel1/arm-none-eabi/bin/../lib/gcc/arm-none-eabi/13.2.1/thumb/v7e-m+fp/hard/crtn.o
OUTPUT(build/STM32SMOL.elf elf32-littlearm)
LOAD linker stubs
LOAD /Applications/ArmGNUToolchain/13.2.Rel1/arm-none-eabi/bin/../lib/gcc/arm-none-eabi/13.2.1/../../../../arm-none-eabi/lib/thumb/v7e-m+fp/hard/libc.a
LOAD /Applications/ArmGNUToolchain/13.2.Rel1/arm-none-eabi/bin/../lib/gcc/arm-none-eabi/13.2.1/../../../../arm-none-eabi/lib/thumb/v7e-m+fp/hard/libm.a
LOAD /Applications/ArmGNUToolchain/13.2.Rel1/arm-none-eabi/bin/../lib/gcc/arm-none-eabi/13.2.1/thumb/v7e-m+fp/hard/libgcc.a

.debug_info     0x00000000    0x1ed03
 .debug_info    0x00000000      0xae5 build/fmc.o
 .debug_info    0x00000ae5      0xb30 build/spi.o
 .debug_info    0x00001615      0x58b build/gpio.o
 .debug_info    0x00001ba0      0x471 build/SEGGER_RTT_printf.o
 .debug_info    0x00002011     0x1698 build/SEGGER_RTT.o
 .debug_info    0x000036a9      0xbe5 build/ltdc.o
 .debug_info    0x0000428e      0xb9c build/i2c.o
 .debug_info    0x00004e2a      0xe5c build/main.o
 .debug_info    0x00005c86      0xdab build/usart.o
 .debug_info    0x00006a31      0x5b7 build/system_stm32f4xx.o
 .debug_info    0x00006fe8      0x32a build/stm32f4xx_hal_msp.o
 .debug_info    0x00007312      0xa07 build/dma2d.o
 .debug_info    0x00007d19      0xaca build/stm32f4xx_it.o
 .debug_info    0x000087e3      0x422 build/ili9341.o
 .debug_info    0x00008c05     0x1cfd build/stm32f429i_discovery.o
 .debug_info    0x0000a902     0x292b build/stm32f429i_discovery_lcd.o
 .debug_info    0x0000d22d     0x11ce build/stm32f429i_discovery_sdram.o
 .debug_info    0x0000e3fb     0x18e7 build/stm32f4xx_hal_spi.o
 .debug_info    0x0000fce2     0x330a build/stm32f4xx_hal_uart.o
 .debug_info    0x00012fec     0x2863 build/stm32f4xx_hal_i2c.o
 .debug_info    0x0001584f      0xfd5 build/stm32f4xx_ll_fmc.o
 .debug_info    0x00016824      0xa6f build/stm32f4xx_hal_rcc.o
 .debug_info    0x00017293      0x71f build/stm32f4xx_hal_rcc_ex.o
 .debug_info    0x000179b2      0xf7a build/stm32f4xx_hal_cortex.o
 .debug_info    0x0001892c     0x12a0 build/stm32f4xx_hal_ltdc.o
 .debug_info    0x00019bcc      0x9e4 build/stm32f4xx_hal_dma.o
 .debug_info    0x0001a5b0      0x747 build/stm32f4xx_hal_i2c_ex.o
 .debug_info    0x0001acf7     0x10ca build/stm32f4xx_hal_dma2d.o
 .debug_info    0x0001bdc1      0xaf8 build/stm32f4xx_hal.o
 .debug_info    0x0001c8b9     0x106d build/stm32f4xx_hal_sdram.o
 .debug_info    0x0001d926      0x824 build/stm32f4xx_hal_gpio.o
 .debug_info    0x0001e14a      0xa80 build/screen.o
 .debug_info    0x0001ebca      0x109 build/PixelData.o
 .debug_info    0x0001ecd3       0x30 build/startup_stm32f429xx.o

.debug_abbrev   0x00000000     0x42ce
 .debug_abbrev  0x00000000      0x233 build/fmc.o
 .debug_abbrev  0x00000233      0x1df build/spi.o
 .debug_abbrev  0x00000412      0x145 build/gpio.o
 .debug_abbrev  0x00000557      0x1b2 build/SEGGER_RTT_printf.o
 .debug_abbrev  0x00000709      0x22f build/SEGGER_RTT.o
 .debug_abbrev  0x00000938      0x1be build/ltdc.o
 .debug_abbrev  0x00000af6      0x1f6 build/i2c.o
 .debug_abbrev  0x00000cec      0x2ef build/main.o
 .debug_abbrev  0x00000fdb      0x204 build/usart.o
 .debug_abbrev  0x000011df      0x115 build/system_stm32f4xx.o
 .debug_abbrev  0x000012f4       0xef build/stm32f4xx_hal_msp.o
 .debug_abbrev  0x000013e3      0x1d4 build/dma2d.o
 .debug_abbrev  0x000015b7      0x186 build/stm32f4xx_it.o
 .debug_abbrev  0x0000173d      0x18d build/ili9341.o
 .debug_abbrev  0x000018ca      0x2e1 build/stm32f429i_discovery.o
 .debug_abbrev  0x00001bab      0x336 build/stm32f429i_discovery_lcd.o
 .debug_abbrev  0x00001ee1      0x275 build/stm32f429i_discovery_sdram.o
 .debug_abbrev  0x00002156      0x26d build/stm32f4xx_hal_spi.o
 .debug_abbrev  0x000023c3      0x2f3 build/stm32f4xx_hal_uart.o
 .debug_abbrev  0x000026b6      0x296 build/stm32f4xx_hal_i2c.o
 .debug_abbrev  0x0000294c      0x19c build/stm32f4xx_ll_fmc.o
 .debug_abbrev  0x00002ae8      0x2a9 build/stm32f4xx_hal_rcc.o
 .debug_abbrev  0x00002d91      0x1a7 build/stm32f4xx_hal_rcc_ex.o
 .debug_abbrev  0x00002f38      0x2f3 build/stm32f4xx_hal_cortex.o
 .debug_abbrev  0x0000322b      0x220 build/stm32f4xx_hal_ltdc.o
 .debug_abbrev  0x0000344b      0x25a build/stm32f4xx_hal_dma.o
 .debug_abbrev  0x000036a5      0x14b build/stm32f4xx_hal_i2c_ex.o
 .debug_abbrev  0x000037f0      0x21c build/stm32f4xx_hal_dma2d.o
 .debug_abbrev  0x00003a0c      0x20c build/stm32f4xx_hal.o
 .debug_abbrev  0x00003c18      0x236 build/stm32f4xx_hal_sdram.o
 .debug_abbrev  0x00003e4e      0x1c3 build/stm32f4xx_hal_gpio.o
 .debug_abbrev  0x00004011      0x1f0 build/screen.o
 .debug_abbrev  0x00004201       0xb0 build/PixelData.o
 .debug_abbrev  0x000042b1       0x1d build/startup_stm32f429xx.o

.debug_loc      0x00000000     0xc683
 .debug_loc     0x00000000      0x16c build/fmc.o
 .debug_loc     0x0000016c       0xcc build/spi.o
 .debug_loc     0x00000238       0x52 build/gpio.o
 .debug_loc     0x0000028a      0x1b6 build/SEGGER_RTT_printf.o
 .debug_loc     0x00000440      0xb64 build/SEGGER_RTT.o
 .debug_loc     0x00000fa4       0xf4 build/ltdc.o
 .debug_loc     0x00001098       0xcc build/i2c.o
 .debug_loc     0x00001164      0x21e build/main.o
 .debug_loc     0x00001382       0xcc build/usart.o
 .debug_loc     0x0000144e       0xa0 build/system_stm32f4xx.o
 .debug_loc     0x000014ee       0x50 build/stm32f4xx_hal_msp.o
 .debug_loc     0x0000153e       0xcc build/dma2d.o
 .debug_loc     0x0000160a      0x22c build/stm32f4xx_it.o
 .debug_loc     0x00001836      0x228 build/ili9341.o
 .debug_loc     0x00001a5e      0xa5c build/stm32f429i_discovery.o
 .debug_loc     0x000024ba      0xfab build/stm32f429i_discovery_lcd.o
 .debug_loc     0x00003465      0x2da build/stm32f429i_discovery_sdram.o
 .debug_loc     0x0000373f     0x1208 build/stm32f4xx_hal_spi.o
 .debug_loc     0x00004947     0x14b6 build/stm32f4xx_hal_uart.o
 .debug_loc     0x00005dfd     0x1b52 build/stm32f4xx_hal_i2c.o
 .debug_loc     0x0000794f      0x99c build/stm32f4xx_ll_fmc.o
 .debug_loc     0x000082eb      0x3d2 build/stm32f4xx_hal_rcc.o
 .debug_loc     0x000086bd      0x298 build/stm32f4xx_hal_rcc_ex.o
 .debug_loc     0x00008955      0xa38 build/stm32f4xx_hal_cortex.o
 .debug_loc     0x0000938d      0xdac build/stm32f4xx_hal_ltdc.o
 .debug_loc     0x0000a139      0x510 build/stm32f4xx_hal_dma.o
 .debug_loc     0x0000a649       0xb8 build/stm32f4xx_hal_i2c_ex.o
 .debug_loc     0x0000a701      0xaf0 build/stm32f4xx_hal_dma2d.o
 .debug_loc     0x0000b1f1      0x7a8 build/stm32f4xx_hal.o
 .debug_loc     0x0000b999      0x8b0 build/stm32f4xx_hal_sdram.o
 .debug_loc     0x0000c249      0x2d4 build/stm32f4xx_hal_gpio.o
 .debug_loc     0x0000c51d      0x10a build/screen.o
 .debug_loc     0x0000c627       0x5c build/PixelData.o

.debug_aranges  0x00000000     0x16e8
 .debug_aranges
                0x00000000       0x40 build/fmc.o
 .debug_aranges
                0x00000040       0x30 build/spi.o
 .debug_aranges
                0x00000070       0x20 build/gpio.o
 .debug_aranges
                0x00000090       0x40 build/SEGGER_RTT_printf.o
 .debug_aranges
                0x000000d0      0x138 build/SEGGER_RTT.o
 .debug_aranges
                0x00000208       0x30 build/ltdc.o
 .debug_aranges
                0x00000238       0x30 build/i2c.o
 .debug_aranges
                0x00000268       0x60 build/main.o
 .debug_aranges
                0x000002c8       0x30 build/usart.o
 .debug_aranges
                0x000002f8       0x28 build/system_stm32f4xx.o
 .debug_aranges
                0x00000320       0x20 build/stm32f4xx_hal_msp.o
 .debug_aranges
                0x00000340       0x30 build/dma2d.o
 .debug_aranges
                0x00000370       0x70 build/stm32f4xx_it.o
 .debug_aranges
                0x000003e0       0x60 build/ili9341.o
 .debug_aranges
                0x00000440      0x138 build/stm32f429i_discovery.o
 .debug_aranges
                0x00000578      0x1b8 build/stm32f429i_discovery_lcd.o
 .debug_aranges
                0x00000730       0x68 build/stm32f429i_discovery_sdram.o
 .debug_aranges
                0x00000798      0x1d0 build/stm32f4xx_hal_spi.o
 .debug_aranges
                0x00000968      0x208 build/stm32f4xx_hal_uart.o
 .debug_aranges
                0x00000b70      0x2a8 build/stm32f4xx_hal_i2c.o
 .debug_aranges
                0x00000e18       0xf0 build/stm32f4xx_ll_fmc.o
 .debug_aranges
                0x00000f08       0x88 build/stm32f4xx_hal_rcc.o
 .debug_aranges
                0x00000f90       0x58 build/stm32f4xx_hal_rcc_ex.o
 .debug_aranges
                0x00000fe8      0x120 build/stm32f4xx_hal_cortex.o
 .debug_aranges
                0x00001108      0x158 build/stm32f4xx_hal_ltdc.o
 .debug_aranges
                0x00001260       0x90 build/stm32f4xx_hal_dma.o
 .debug_aranges
                0x000012f0       0x28 build/stm32f4xx_hal_i2c_ex.o
 .debug_aranges
                0x00001318      0x118 build/stm32f4xx_hal_dma2d.o
 .debug_aranges
                0x00001430      0x100 build/stm32f4xx_hal.o
 .debug_aranges
                0x00001530       0xe8 build/stm32f4xx_hal_sdram.o
 .debug_aranges
                0x00001618       0x58 build/stm32f4xx_hal_gpio.o
 .debug_aranges
                0x00001670       0x30 build/screen.o
 .debug_aranges
                0x000016a0       0x20 build/PixelData.o
 .debug_aranges
                0x000016c0       0x28 build/startup_stm32f429xx.o

.debug_ranges   0x00000000     0x1530
 .debug_ranges  0x00000000       0x30 build/fmc.o
 .debug_ranges  0x00000030       0x20 build/spi.o
 .debug_ranges  0x00000050       0x10 build/gpio.o
 .debug_ranges  0x00000060       0x48 build/SEGGER_RTT_printf.o
 .debug_ranges  0x000000a8      0x128 build/SEGGER_RTT.o
 .debug_ranges  0x000001d0       0x20 build/ltdc.o
 .debug_ranges  0x000001f0       0x20 build/i2c.o
 .debug_ranges  0x00000210       0x50 build/main.o
 .debug_ranges  0x00000260       0x20 build/usart.o
 .debug_ranges  0x00000280       0x18 build/system_stm32f4xx.o
 .debug_ranges  0x00000298       0x10 build/stm32f4xx_hal_msp.o
 .debug_ranges  0x000002a8       0x20 build/dma2d.o
 .debug_ranges  0x000002c8       0x60 build/stm32f4xx_it.o
 .debug_ranges  0x00000328       0x50 build/ili9341.o
 .debug_ranges  0x00000378      0x128 build/stm32f429i_discovery.o
 .debug_ranges  0x000004a0      0x1a8 build/stm32f429i_discovery_lcd.o
 .debug_ranges  0x00000648       0x58 build/stm32f429i_discovery_sdram.o
 .debug_ranges  0x000006a0      0x1c0 build/stm32f4xx_hal_spi.o
 .debug_ranges  0x00000860      0x228 build/stm32f4xx_hal_uart.o
 .debug_ranges  0x00000a88      0x2b0 build/stm32f4xx_hal_i2c.o
 .debug_ranges  0x00000d38       0xe0 build/stm32f4xx_ll_fmc.o
 .debug_ranges  0x00000e18       0x78 build/stm32f4xx_hal_rcc.o
 .debug_ranges  0x00000e90       0x48 build/stm32f4xx_hal_rcc_ex.o
 .debug_ranges  0x00000ed8      0x110 build/stm32f4xx_hal_cortex.o
 .debug_ranges  0x00000fe8      0x148 build/stm32f4xx_hal_ltdc.o
 .debug_ranges  0x00001130       0x80 build/stm32f4xx_hal_dma.o
 .debug_ranges  0x000011b0       0x18 build/stm32f4xx_hal_i2c_ex.o
 .debug_ranges  0x000011c8      0x108 build/stm32f4xx_hal_dma2d.o
 .debug_ranges  0x000012d0       0xf0 build/stm32f4xx_hal.o
 .debug_ranges  0x000013c0       0xd8 build/stm32f4xx_hal_sdram.o
 .debug_ranges  0x00001498       0x48 build/stm32f4xx_hal_gpio.o
 .debug_ranges  0x000014e0       0x20 build/screen.o
 .debug_ranges  0x00001500       0x10 build/PixelData.o
 .debug_ranges  0x00001510       0x20 build/startup_stm32f429xx.o

.debug_line     0x00000000    0x115f3
 .debug_line    0x00000000      0x32e build/fmc.o
 .debug_line    0x0000032e      0x26b build/spi.o
 .debug_line    0x00000599      0x224 build/gpio.o
 .debug_line    0x000007bd      0x444 build/SEGGER_RTT_printf.o
 .debug_line    0x00000c01      0xa5c build/SEGGER_RTT.o
 .debug_line    0x0000165d      0x363 build/ltdc.o
 .debug_line    0x000019c0      0x29a build/i2c.o
 .debug_line    0x00001c5a      0x477 build/main.o
 .debug_line    0x000020d1      0x284 build/usart.o
 .debug_line    0x00002355      0x21e build/system_stm32f4xx.o
 .debug_line    0x00002573      0x191 build/stm32f4xx_hal_msp.o
 .debug_line    0x00002704      0x23c build/dma2d.o
 .debug_line    0x00002940      0x2b5 build/stm32f4xx_it.o
 .debug_line    0x00002bf5      0x29b build/ili9341.o
 .debug_line    0x00002e90      0x76b build/stm32f429i_discovery.o
 .debug_line    0x000035fb     0x11e7 build/stm32f429i_discovery_lcd.o
 .debug_line    0x000047e2      0x3fb build/stm32f429i_discovery_sdram.o
 .debug_line    0x00004bdd     0x17e9 build/stm32f4xx_hal_spi.o
 .debug_line    0x000063c6     0x2025 build/stm32f4xx_hal_uart.o
 .debug_line    0x000083eb     0x35b8 build/stm32f4xx_hal_i2c.o
 .debug_line    0x0000b9a3      0x67c build/stm32f4xx_ll_fmc.o
 .debug_line    0x0000c01f      0x901 build/stm32f4xx_hal_rcc.o
 .debug_line    0x0000c920      0x72c build/stm32f4xx_hal_rcc_ex.o
 .debug_line    0x0000d04c      0x774 build/stm32f4xx_hal_cortex.o
 .debug_line    0x0000d7c0      0xe64 build/stm32f4xx_hal_ltdc.o
 .debug_line    0x0000e624      0xa44 build/stm32f4xx_hal_dma.o
 .debug_line    0x0000f068      0x240 build/stm32f4xx_hal_i2c_ex.o
 .debug_line    0x0000f2a8      0xbd9 build/stm32f4xx_hal_dma2d.o
 .debug_line    0x0000fe81      0x535 build/stm32f4xx_hal.o
 .debug_line    0x000103b6      0x7d4 build/stm32f4xx_hal_sdram.o
 .debug_line    0x00010b8a      0x630 build/stm32f4xx_hal_gpio.o
 .debug_line    0x000111ba      0x2b1 build/screen.o
 .debug_line    0x0001146b      0x115 build/PixelData.o
 .debug_line    0x00011580       0x73 build/startup_stm32f429xx.o

.debug_str      0x00000000     0x6556
 .debug_str     0x00000000     0x6556 build/fmc.o
                                0x895 (size before relaxing)
 .debug_str     0x00006556      0x807 build/spi.o
 .debug_str     0x00006556      0x38c build/gpio.o
 .debug_str     0x00006556      0x2d2 build/SEGGER_RTT_printf.o
 .debug_str     0x00006556      0x683 build/SEGGER_RTT.o
 .debug_str     0x00006556      0x7b9 build/ltdc.o
 .debug_str     0x00006556      0x8ea build/i2c.o
 .debug_str     0x00006556      0xb1e build/main.o
 .debug_str     0x00006556      0xdc8 build/usart.o
 .debug_str     0x00006556      0x364 build/system_stm32f4xx.o
 .debug_str     0x00006556      0x2d8 build/stm32f4xx_hal_msp.o
 .debug_str     0x00006556      0xb24 build/dma2d.o
 .debug_str     0x00006556      0x8bc build/stm32f4xx_it.o
 .debug_str     0x00006556      0x37e build/ili9341.o
 .debug_str     0x00006556     0x1449 build/stm32f429i_discovery.o
 .debug_str     0x00006556     0x142d build/stm32f429i_discovery_lcd.o
 .debug_str     0x00006556     0x103d build/stm32f429i_discovery_sdram.o
 .debug_str     0x00006556      0xbe2 build/stm32f4xx_hal_spi.o
 .debug_str     0x00006556      0xd72 build/stm32f4xx_hal_uart.o
 .debug_str     0x00006556     0x102a build/stm32f4xx_hal_i2c.o
 .debug_str     0x00006556      0x9a3 build/stm32f4xx_ll_fmc.o
 .debug_str     0x00006556      0x6f0 build/stm32f4xx_hal_rcc.o
 .debug_str     0x00006556      0x56b build/stm32f4xx_hal_rcc_ex.o
 .debug_str     0x00006556      0xc8f build/stm32f4xx_hal_cortex.o
 .debug_str     0x00006556      0x9b0 build/stm32f4xx_hal_ltdc.o
 .debug_str     0x00006556      0x75e build/stm32f4xx_hal_dma.o
 .debug_str     0x00006556      0x73f build/stm32f4xx_hal_i2c_ex.o
 .debug_str     0x00006556      0x912 build/stm32f4xx_hal_dma2d.o
 .debug_str     0x00006556      0xbfe build/stm32f4xx_hal.o
 .debug_str     0x00006556      0xa90 build/stm32f4xx_hal_sdram.o
 .debug_str     0x00006556      0x4db build/stm32f4xx_hal_gpio.o
 .debug_str     0x00006556      0x770 build/screen.o
 .debug_str     0x00006556      0x1b7 build/PixelData.o
 .debug_str     0x00006556       0x6e build/startup_stm32f429xx.o

.comment        0x00000000       0x44
 .comment       0x00000000       0x44 build/fmc.o
                                 0x45 (size before relaxing)
 .comment       0x00000044       0x45 build/spi.o
 .comment       0x00000044       0x45 build/gpio.o
 .comment       0x00000044       0x45 build/SEGGER_RTT_printf.o
 .comment       0x00000044       0x45 build/SEGGER_RTT.o
 .comment       0x00000044       0x45 build/ltdc.o
 .comment       0x00000044       0x45 build/i2c.o
 .comment       0x00000044       0x45 build/main.o
 .comment       0x00000044       0x45 build/usart.o
 .comment       0x00000044       0x45 build/system_stm32f4xx.o
 .comment       0x00000044       0x45 build/stm32f4xx_hal_msp.o
 .comment       0x00000044       0x45 build/dma2d.o
 .comment       0x00000044       0x45 build/stm32f4xx_it.o
 .comment       0x00000044       0x45 build/ili9341.o
 .comment       0x00000044       0x45 build/stm32f429i_discovery.o
 .comment       0x00000044       0x45 build/stm32f429i_discovery_lcd.o
 .comment       0x00000044       0x45 build/stm32f429i_discovery_sdram.o
 .comment       0x00000044       0x45 build/stm32f4xx_hal_spi.o
 .comment       0x00000044       0x45 build/stm32f4xx_hal_uart.o
 .comment       0x00000044       0x45 build/stm32f4xx_hal_i2c.o
 .comment       0x00000044       0x45 build/stm32f4xx_ll_fmc.o
 .comment       0x00000044       0x45 build/stm32f4xx_hal_rcc.o
 .comment       0x00000044       0x45 build/stm32f4xx_hal_rcc_ex.o
 .comment       0x00000044       0x45 build/stm32f4xx_hal_cortex.o
 .comment       0x00000044       0x45 build/stm32f4xx_hal_ltdc.o
 .comment       0x00000044       0x45 build/stm32f4xx_hal_dma.o
 .comment       0x00000044       0x45 build/stm32f4xx_hal_i2c_ex.o
 .comment       0x00000044       0x45 build/stm32f4xx_hal_dma2d.o
 .comment       0x00000044       0x45 build/stm32f4xx_hal.o
 .comment       0x00000044       0x45 build/stm32f4xx_hal_sdram.o
 .comment       0x00000044       0x45 build/stm32f4xx_hal_gpio.o
 .comment       0x00000044       0x45 build/screen.o
 .comment       0x00000044       0x45 build/PixelData.o

.note.GNU-stack
                0x00000000        0x0
 .note.GNU-stack
                0x00000000        0x0 build/hello.o

.debug_frame    0x00000000     0x5dd8
 .debug_frame   0x00000000       0xbc build/fmc.o
 .debug_frame   0x000000bc       0x74 build/spi.o
 .debug_frame   0x00000130       0x38 build/gpio.o
 .debug_frame   0x00000168       0xe0 build/SEGGER_RTT_printf.o
 .debug_frame   0x00000248      0x530 build/SEGGER_RTT.o
 .debug_frame   0x00000778       0x80 build/ltdc.o
 .debug_frame   0x000007f8       0x74 build/i2c.o
 .debug_frame   0x0000086c      0x128 build/main.o
 .debug_frame   0x00000994       0x74 build/usart.o
 .debug_frame   0x00000a08       0x58 build/system_stm32f4xx.o
 .debug_frame   0x00000a60       0x34 build/stm32f4xx_hal_msp.o
 .debug_frame   0x00000a94       0x74 build/dma2d.o
 .debug_frame   0x00000b08      0x13c build/stm32f4xx_it.o
 .debug_frame   0x00000c44      0x12c build/ili9341.o
 .debug_frame   0x00000d70      0x4ec build/stm32f429i_discovery.o
 .debug_frame   0x0000125c      0x7a0 build/stm32f429i_discovery_lcd.o
 .debug_frame   0x000019fc      0x168 build/stm32f429i_discovery_sdram.o
 .debug_frame   0x00001b64      0x828 build/stm32f4xx_hal_spi.o
 .debug_frame   0x0000238c      0x954 build/stm32f4xx_hal_uart.o
 .debug_frame   0x00002ce0      0xc84 build/stm32f4xx_hal_i2c.o
 .debug_frame   0x00003964      0x440 build/stm32f4xx_ll_fmc.o
 .debug_frame   0x00003da4      0x1f4 build/stm32f4xx_hal_rcc.o
 .debug_frame   0x00003f98      0x13c build/stm32f4xx_hal_rcc_ex.o
 .debug_frame   0x000040d4      0x4b8 build/stm32f4xx_hal_cortex.o
 .debug_frame   0x0000458c      0x61c build/stm32f4xx_hal_ltdc.o
 .debug_frame   0x00004ba8      0x250 build/stm32f4xx_hal_dma.o
 .debug_frame   0x00004df8       0x60 build/stm32f4xx_hal_i2c_ex.o
 .debug_frame   0x00004e58      0x4e0 build/stm32f4xx_hal_dma2d.o
 .debug_frame   0x00005338      0x3b4 build/stm32f4xx_hal.o
 .debug_frame   0x000056ec      0x3e8 build/stm32f4xx_hal_sdram.o
 .debug_frame   0x00005ad4      0x14c build/stm32f4xx_hal_gpio.o
 .debug_frame   0x00005c20       0x8c build/screen.o
 .debug_frame   0x00005cac       0x38 build/PixelData.o
 .debug_frame   0x00005ce4       0x20 /Applications/ArmGNUToolchain/13.2.Rel1/arm-none-eabi/bin/../lib/gcc/arm-none-eabi/13.2.1/../../../../arm-none-eabi/lib/thumb/v7e-m+fp/hard/libc_nano.a(libc_a-memset.o)
 .debug_frame   0x00005d04       0x2c /Applications/ArmGNUToolchain/13.2.Rel1/arm-none-eabi/bin/../lib/gcc/arm-none-eabi/13.2.1/../../../../arm-none-eabi/lib/thumb/v7e-m+fp/hard/libc_nano.a(libc_a-init.o)
 .debug_frame   0x00005d30       0x20 /Applications/ArmGNUToolchain/13.2.Rel1/arm-none-eabi/bin/../lib/gcc/arm-none-eabi/13.2.1/../../../../arm-none-eabi/lib/thumb/v7e-m+fp/hard/libc_nano.a(libc_a-aeabi_memclr.o)
 .debug_frame   0x00005d50       0x28 /Applications/ArmGNUToolchain/13.2.Rel1/arm-none-eabi/bin/../lib/gcc/arm-none-eabi/13.2.1/../../../../arm-none-eabi/lib/thumb/v7e-m+fp/hard/libc_nano.a(libc_a-memcpy-stub.o)
 .debug_frame   0x00005d78       0x2c /Applications/ArmGNUToolchain/13.2.Rel1/arm-none-eabi/bin/../lib/gcc/arm-none-eabi/13.2.1/thumb/v7e-m+fp/hard/libgcc.a(_aeabi_uldivmod.o)
 .debug_frame   0x00005da4       0x34 /Applications/ArmGNUToolchain/13.2.Rel1/arm-none-eabi/bin/../lib/gcc/arm-none-eabi/13.2.1/thumb/v7e-m+fp/hard/libgcc.a(_udivmoddi4.o)

.debug_line_str
                0x00000000      0x1e8
 .debug_line_str
                0x00000000      0x1e8 /Applications/ArmGNUToolchain/13.2.Rel1/arm-none-eabi/bin/../lib/gcc/arm-none-eabi/13.2.1/../../../../arm-none-eabi/lib/thumb/v7e-m+fp/hard/libc_nano.a(libc_a-strlen.o)
                                 0xf4 (size before relaxing)
 .debug_line_str
                0x000001e8       0xf7 /Applications/ArmGNUToolchain/13.2.Rel1/arm-none-eabi/bin/../lib/gcc/arm-none-eabi/13.2.1/../../../../arm-none-eabi/lib/thumb/v7e-m+fp/hard/libc_nano.a(libc_a-aeabi_memset-soft.o)
 .debug_line_str
                0x000001e8       0xd2 /Applications/ArmGNUToolchain/13.2.Rel1/arm-none-eabi/bin/../lib/gcc/arm-none-eabi/13.2.1/thumb/v7e-m+fp/hard/libgcc.a(_aeabi_uldivmod.o)
 .debug_line_str
                0x000001e8       0xd6 /Applications/ArmGNUToolchain/13.2.Rel1/arm-none-eabi/bin/../lib/gcc/arm-none-eabi/13.2.1/thumb/v7e-m+fp/hard/libgcc.a(_dvmd_tls.o)

Cross Reference Table

Symbol                                            File
$s5hello09SomethingB0PAAE7fizBuzzSbyF             build/hello.o
$s5hello09SomethingB0PAAE7fizBuzzSbyFAA7StrooctV_Tgq5 build/hello.o
$s5hello7StrooctV9myBarFuncSiyF                   build/hello.o
$s5hello7StrooctV9myBazFuncyyF                    build/hello.o
                                                  build/main.o
$s5hello7StrooctV9myFooFuncSiyF                   build/hello.o
                                                  build/main.o
$ss10swift_once9predicate2fn7contextySpySiG_ySvXCSvtF build/hello.o
$ss12swift_retain6objectBpBp_tF                   build/hello.o
$ss14swift_retain_n6object1nBpBp_s6UInt32VtF      build/hello.o
$ss15swift_endAccess6bufferySv_tF                 build/hello.o
$ss17_assertionFailure__4file4line5flagss5NeverOs12StaticStringV_A2HSus6UInt32VtF build/hello.o
$ss17swift_beginAccess7pointer6buffer5flags2pcySv_SvSuSvtF build/hello.o
$ss18_fatalErrorMessage__4file4line5flagss5NeverOs12StaticStringV_A2HSus6UInt32VtF build/hello.o
$ss20swift_clearSensitive3buf6nbytesySv_SitF      build/hello.o
$ss21swift_initStackObject8metadata6objectBpBp_BptF build/hello.o
$ss21swift_setDeallocating6objectyBp_tF           build/hello.o
$ss22swift_dynamicCastClass6object14targetMetadataSvSgSv_SVtF build/hello.o
$ss22swift_initStaticObject8metadata6objectBpBp_BptF build/hello.o
$ss24swift_bridgeObjectRetain6objectBpBp_tF       build/hello.o
$ss24swift_deletedMethodErrors5NeverOyF           build/hello.o
$ss26swift_bridgeObjectRetain_n6object1nBpBp_s6UInt32VtF build/hello.o
$ss33swift_isUniquelyReferenced_native6objectSbBp_tF build/hello.o
$ss41swift_isUniquelyReferenced_nonNull_native6objectSbBp_tF build/hello.o
ADC_IRQHandler                                    build/startup_stm32f429xx.o
AHBPrescTable                                     build/system_stm32f4xx.o
                                                  build/stm32f4xx_hal_rcc.o
APBPrescTable                                     build/system_stm32f4xx.o
                                                  build/stm32f4xx_hal_rcc.o
BSP_GYRO_DisableIT                                build/stm32f429i_discovery_gyroscope.o
BSP_GYRO_EnableIT                                 build/stm32f429i_discovery_gyroscope.o
BSP_GYRO_GetXYZ                                   build/stm32f429i_discovery_gyroscope.o
BSP_GYRO_ITConfig                                 build/stm32f429i_discovery_gyroscope.o
BSP_GYRO_Init                                     build/stm32f429i_discovery_gyroscope.o
BSP_GYRO_ReadID                                   build/stm32f429i_discovery_gyroscope.o
BSP_GYRO_Reset                                    build/stm32f429i_discovery_gyroscope.o
BSP_GetVersion                                    build/stm32f429i_discovery.o
BSP_IO_ConfigPin                                  build/stm32f429i_discovery_io.o
BSP_IO_ITClear                                    build/stm32f429i_discovery_io.o
BSP_IO_ITGetStatus                                build/stm32f429i_discovery_io.o
BSP_IO_Init                                       build/stm32f429i_discovery_io.o
BSP_IO_ReadPin                                    build/stm32f429i_discovery_io.o
BSP_IO_TogglePin                                  build/stm32f429i_discovery_io.o
BSP_IO_WritePin                                   build/stm32f429i_discovery_io.o
BSP_LCD_Clear                                     build/stm32f429i_discovery_lcd.o
                                                  build/main.o
BSP_LCD_ClearStringLine                           build/stm32f429i_discovery_lcd.o
BSP_LCD_DisplayChar                               build/stm32f429i_discovery_lcd.o
BSP_LCD_DisplayOff                                build/stm32f429i_discovery_lcd.o
BSP_LCD_DisplayOn                                 build/stm32f429i_discovery_lcd.o
                                                  build/main.o
BSP_LCD_DisplayStringAt                           build/stm32f429i_discovery_lcd.o
BSP_LCD_DisplayStringAtLine                       build/stm32f429i_discovery_lcd.o
BSP_LCD_DrawBitmap                                build/stm32f429i_discovery_lcd.o
BSP_LCD_DrawCircle                                build/stm32f429i_discovery_lcd.o
BSP_LCD_DrawEllipse                               build/stm32f429i_discovery_lcd.o
BSP_LCD_DrawHLine                                 build/stm32f429i_discovery_lcd.o
BSP_LCD_DrawLine                                  build/stm32f429i_discovery_lcd.o
BSP_LCD_DrawPixel                                 build/stm32f429i_discovery_lcd.o
BSP_LCD_DrawPolygon                               build/stm32f429i_discovery_lcd.o
BSP_LCD_DrawRect                                  build/stm32f429i_discovery_lcd.o
BSP_LCD_DrawVLine                                 build/stm32f429i_discovery_lcd.o
BSP_LCD_FillCircle                                build/stm32f429i_discovery_lcd.o
BSP_LCD_FillEllipse                               build/stm32f429i_discovery_lcd.o
BSP_LCD_FillPolygon                               build/stm32f429i_discovery_lcd.o
BSP_LCD_FillRect                                  build/stm32f429i_discovery_lcd.o
BSP_LCD_FillTriangle                              build/stm32f429i_discovery_lcd.o
BSP_LCD_GetBackColor                              build/stm32f429i_discovery_lcd.o
BSP_LCD_GetFont                                   build/stm32f429i_discovery_lcd.o
BSP_LCD_GetTextColor                              build/stm32f429i_discovery_lcd.o
BSP_LCD_GetXSize                                  build/stm32f429i_discovery_lcd.o
                                                  build/screen.o
BSP_LCD_GetYSize                                  build/stm32f429i_discovery_lcd.o
BSP_LCD_Init                                      build/stm32f429i_discovery_lcd.o
                                                  build/main.o
BSP_LCD_LayerDefaultInit                          build/stm32f429i_discovery_lcd.o
                                                  build/main.o
BSP_LCD_MspInit                                   build/stm32f429i_discovery_lcd.o
BSP_LCD_ReadPixel                                 build/stm32f429i_discovery_lcd.o
BSP_LCD_Relaod                                    build/stm32f429i_discovery_lcd.o
BSP_LCD_ResetColorKeying                          build/stm32f429i_discovery_lcd.o
BSP_LCD_ResetColorKeying_NoReload                 build/stm32f429i_discovery_lcd.o
BSP_LCD_SelectLayer                               build/stm32f429i_discovery_lcd.o
                                                  build/main.o
BSP_LCD_SetBackColor                              build/stm32f429i_discovery_lcd.o
BSP_LCD_SetColorKeying                            build/stm32f429i_discovery_lcd.o
                                                  build/main.o
BSP_LCD_SetColorKeying_NoReload                   build/stm32f429i_discovery_lcd.o
BSP_LCD_SetFont                                   build/stm32f429i_discovery_lcd.o
BSP_LCD_SetLayerAddress                           build/stm32f429i_discovery_lcd.o
BSP_LCD_SetLayerAddress_NoReload                  build/stm32f429i_discovery_lcd.o
BSP_LCD_SetLayerVisible                           build/stm32f429i_discovery_lcd.o
                                                  build/main.o
BSP_LCD_SetLayerVisible_NoReload                  build/stm32f429i_discovery_lcd.o
BSP_LCD_SetLayerWindow                            build/stm32f429i_discovery_lcd.o
BSP_LCD_SetLayerWindow_NoReload                   build/stm32f429i_discovery_lcd.o
BSP_LCD_SetTextColor                              build/stm32f429i_discovery_lcd.o
BSP_LCD_SetTransparency                           build/stm32f429i_discovery_lcd.o
BSP_LCD_SetTransparency_NoReload                  build/stm32f429i_discovery_lcd.o
BSP_LED_Init                                      build/stm32f429i_discovery.o
                                                  build/main.o
BSP_LED_Off                                       build/stm32f429i_discovery.o
BSP_LED_On                                        build/stm32f429i_discovery.o
BSP_LED_Toggle                                    build/stm32f429i_discovery.o
                                                  build/hello.o
                                                  build/main.o
BSP_PB_GetState                                   build/stm32f429i_discovery.o
BSP_PB_Init                                       build/stm32f429i_discovery.o
BSP_SDRAM_DMA_IRQHandler                          build/stm32f429i_discovery_sdram.o
BSP_SDRAM_Init                                    build/stm32f429i_discovery_sdram.o
                                                  build/stm32f429i_discovery_lcd.o
BSP_SDRAM_Initialization_sequence                 build/stm32f429i_discovery_sdram.o
BSP_SDRAM_MspDeInit                               build/stm32f429i_discovery_sdram.o
BSP_SDRAM_MspInit                                 build/stm32f429i_discovery_sdram.o
BSP_SDRAM_ReadData                                build/stm32f429i_discovery_sdram.o
BSP_SDRAM_ReadData_DMA                            build/stm32f429i_discovery_sdram.o
BSP_SDRAM_Sendcmd                                 build/stm32f429i_discovery_sdram.o
BSP_SDRAM_WriteData                               build/stm32f429i_discovery_sdram.o
BSP_SDRAM_WriteData_DMA                           build/stm32f429i_discovery_sdram.o
BSP_TS_GetState                                   build/stm32f429i_discovery_ts.o
BSP_TS_ITClear                                    build/stm32f429i_discovery_ts.o
BSP_TS_ITConfig                                   build/stm32f429i_discovery_ts.o
BSP_TS_ITGetStatus                                build/stm32f429i_discovery_ts.o
BSP_TS_Init                                       build/stm32f429i_discovery_ts.o
BUTTON_IRQn                                       build/stm32f429i_discovery.o
BUTTON_PIN                                        build/stm32f429i_discovery.o
BUTTON_PORT                                       build/stm32f429i_discovery.o
BusFault_Handler                                  build/stm32f4xx_it.o
CAN1_RX0_IRQHandler                               build/startup_stm32f429xx.o
CAN1_RX1_IRQHandler                               build/startup_stm32f429xx.o
CAN1_SCE_IRQHandler                               build/startup_stm32f429xx.o
CAN1_TX_IRQHandler                                build/startup_stm32f429xx.o
CAN2_RX0_IRQHandler                               build/startup_stm32f429xx.o
CAN2_RX1_IRQHandler                               build/startup_stm32f429xx.o
CAN2_SCE_IRQHandler                               build/startup_stm32f429xx.o
CAN2_TX_IRQHandler                                build/startup_stm32f429xx.o
DCMI_IRQHandler                                   build/startup_stm32f429xx.o
DMA1_Stream0_IRQHandler                           build/startup_stm32f429xx.o
DMA1_Stream1_IRQHandler                           build/startup_stm32f429xx.o
DMA1_Stream2_IRQHandler                           build/startup_stm32f429xx.o
DMA1_Stream3_IRQHandler                           build/startup_stm32f429xx.o
DMA1_Stream4_IRQHandler                           build/startup_stm32f429xx.o
DMA1_Stream5_IRQHandler                           build/startup_stm32f429xx.o
DMA1_Stream6_IRQHandler                           build/startup_stm32f429xx.o
DMA1_Stream7_IRQHandler                           build/startup_stm32f429xx.o
DMA2D_IRQHandler                                  build/stm32f4xx_it.o
DMA2_Stream0_IRQHandler                           build/startup_stm32f429xx.o
DMA2_Stream1_IRQHandler                           build/startup_stm32f429xx.o
DMA2_Stream2_IRQHandler                           build/startup_stm32f429xx.o
DMA2_Stream3_IRQHandler                           build/startup_stm32f429xx.o
DMA2_Stream4_IRQHandler                           build/startup_stm32f429xx.o
DMA2_Stream5_IRQHandler                           build/startup_stm32f429xx.o
DMA2_Stream6_IRQHandler                           build/startup_stm32f429xx.o
DMA2_Stream7_IRQHandler                           build/startup_stm32f429xx.o
DebugMon_Handler                                  build/stm32f4xx_it.o
Default_Handler                                   build/startup_stm32f429xx.o
ETH_IRQHandler                                    build/startup_stm32f429xx.o
ETH_WKUP_IRQHandler                               build/startup_stm32f429xx.o
EXTI0_IRQHandler                                  build/startup_stm32f429xx.o
EXTI15_10_IRQHandler                              build/startup_stm32f429xx.o
EXTI1_IRQHandler                                  build/startup_stm32f429xx.o
EXTI2_IRQHandler                                  build/startup_stm32f429xx.o
EXTI3_IRQHandler                                  build/startup_stm32f429xx.o
EXTI4_IRQHandler                                  build/startup_stm32f429xx.o
EXTI9_5_IRQHandler                                build/startup_stm32f429xx.o
Error_Handler                                     build/main.o
                                                  build/dma2d.o
                                                  build/usart.o
                                                  build/i2c.o
                                                  build/ltdc.o
                                                  build/spi.o
                                                  build/fmc.o
FLASH_Erase_Sector                                build/stm32f4xx_hal_flash_ex.o
                                                  build/stm32f4xx_hal_flash.o
FLASH_FlushCaches                                 build/stm32f4xx_hal_flash_ex.o
                                                  build/stm32f4xx_hal_flash.o
FLASH_IRQHandler                                  build/startup_stm32f429xx.o
FLASH_WaitForLastOperation                        build/stm32f4xx_hal_flash.o
                                                  build/stm32f4xx_hal_flash_ex.o
FMC_IRQHandler                                    build/startup_stm32f429xx.o
FMC_NAND_AttributeSpace_Timing_Init               build/stm32f4xx_ll_fmc.o
FMC_NAND_CommonSpace_Timing_Init                  build/stm32f4xx_ll_fmc.o
FMC_NAND_DeInit                                   build/stm32f4xx_ll_fmc.o
FMC_NAND_ECC_Disable                              build/stm32f4xx_ll_fmc.o
FMC_NAND_ECC_Enable                               build/stm32f4xx_ll_fmc.o
FMC_NAND_GetECC                                   build/stm32f4xx_ll_fmc.o
FMC_NAND_Init                                     build/stm32f4xx_ll_fmc.o
FMC_NORSRAM_DeInit                                build/stm32f4xx_ll_fmc.o
FMC_NORSRAM_Extended_Timing_Init                  build/stm32f4xx_ll_fmc.o
FMC_NORSRAM_Init                                  build/stm32f4xx_ll_fmc.o
FMC_NORSRAM_Timing_Init                           build/stm32f4xx_ll_fmc.o
FMC_NORSRAM_WriteOperation_Disable                build/stm32f4xx_ll_fmc.o
FMC_NORSRAM_WriteOperation_Enable                 build/stm32f4xx_ll_fmc.o
FMC_PCCARD_AttributeSpace_Timing_Init             build/stm32f4xx_ll_fmc.o
FMC_PCCARD_CommonSpace_Timing_Init                build/stm32f4xx_ll_fmc.o
FMC_PCCARD_DeInit                                 build/stm32f4xx_ll_fmc.o
FMC_PCCARD_IOSpace_Timing_Init                    build/stm32f4xx_ll_fmc.o
FMC_PCCARD_Init                                   build/stm32f4xx_ll_fmc.o
FMC_SDRAM_DeInit                                  build/stm32f4xx_ll_fmc.o